Component: ARM Compiler 5.06 update 6 (build 750) Tool: armlink [4d35ed]

==============================================================================

Section Cross References

    lock_common.o(i.lock_common_init) refers to app_ota.o(i.app_ota_init) for app_ota_init
    lock_common.o(i.lock_common_init) refers to app_port.o(i.app_port_nv_init) for app_port_nv_init
    lock_common.o(i.lock_common_init) refers to app_port.o(i.app_port_local_clock_start) for app_port_local_clock_start
    lock_common.o(i.lock_common_init) refers to lock_timer.o(i.lock_timer_creat) for lock_timer_creat
    lock_common.o(i.lock_common_init) refers to app_common.o(i.app_common_init) for app_common_init
    lock_common.o(i.lock_common_init) refers to nrfs_common.o(i.nrfs_log_hexdump) for nrfs_log_hexdump
    lock_common.o(i.lock_common_init) refers to tuya_ble_main.o(.bss) for tuya_ble_current_para
    lock_common.o(i.lock_factory_handler) refers to app_port.o(i.app_port_tuya_ble_device_factory_reset) for app_port_tuya_ble_device_factory_reset
    lock_common.o(i.lock_factory_handler) refers to app_flash.o(i.lock_flash_erease_all) for lock_flash_erease_all
    lock_common.o(i.lock_open_with_bt) refers to elog.o(i.elog_output) for elog_output
    lock_common.o(i.lock_open_with_bt) refers to lock_hard.o(.data) for g_auto_switch
    lock_common.o(i.lock_open_with_bt) refers to lock_common.o(.constdata) for .constdata
    lock_common.o(i.lock_open_with_bt) refers to lock_common.o(.conststring) for .conststring
    lock_common.o(i.lock_open_with_nopwd_remote) refers to elog.o(i.elog_output) for elog_output
    lock_common.o(i.lock_open_with_nopwd_remote) refers to lock_hard.o(.data) for g_auto_switch
    lock_common.o(i.lock_open_with_nopwd_remote) refers to lock_common.o(.constdata) for .constdata
    lock_common.o(i.lock_open_with_nopwd_remote) refers to lock_common.o(.conststring) for .conststring
    lock_common.o(i.lock_remote_anti_lock) refers to elog.o(i.elog_output) for elog_output
    lock_common.o(i.lock_remote_anti_lock) refers to lock_common.o(.constdata) for .constdata
    lock_common.o(i.lock_remote_anti_lock) refers to lock_common.o(.conststring) for .conststring
    lock_hard.o(i.lock_hard_uart_simulate) refers to elog.o(i.elog_output) for elog_output
    lock_hard.o(i.lock_hard_uart_simulate) refers to nrfs_common.o(i.nrfs_log_hexdump) for nrfs_log_hexdump
    lock_hard.o(i.lock_hard_uart_simulate) refers to app_flash.o(i.lock_get_hardid) for lock_get_hardid
    lock_hard.o(i.lock_hard_uart_simulate) refers to lock_dp_report.o(i.lock_state_sync_report) for lock_state_sync_report
    lock_hard.o(i.lock_hard_uart_simulate) refers to app_port.o(i.app_port_dp_data_report) for app_port_dp_data_report
    lock_hard.o(i.lock_hard_uart_simulate) refers to app_port.o(i.app_port_nv_set_default) for app_port_nv_set_default
    lock_hard.o(i.lock_hard_uart_simulate) refers to lock_dp_report.o(i.lock_hard_creat_sub_report) for lock_hard_creat_sub_report
    lock_hard.o(i.lock_hard_uart_simulate) refers to app_flash.o(i.lock_hard_save_in_local_flash) for lock_hard_save_in_local_flash
    lock_hard.o(i.lock_hard_uart_simulate) refers to lock_dp_report.o(i.lock_open_record_report) for lock_open_record_report
    lock_hard.o(i.lock_hard_uart_simulate) refers to lock_dp_report.o(i.lock_open_record_combine_report) for lock_open_record_combine_report
    lock_hard.o(i.lock_hard_uart_simulate) refers to lock_dp_report.o(i.lock_alarm_record_report) for lock_alarm_record_report
    lock_hard.o(i.lock_hard_uart_simulate) refers to lock_dynamic_pwd.o(i.lock_dynamic_pwd_verify) for lock_dynamic_pwd_verify
    lock_hard.o(i.lock_hard_uart_simulate) refers to memseta.o(.text) for __aeabi_memset
    lock_hard.o(i.lock_hard_uart_simulate) refers to app_port.o(i.app_port_get_timestamp) for app_port_get_timestamp
    lock_hard.o(i.lock_hard_uart_simulate) refers to lock_offline_pwd.o(i.lock_offline_pwd_verify) for lock_offline_pwd_verify
    lock_hard.o(i.lock_hard_uart_simulate) refers to app_port.o(i.app_port_aes128_cbc_encrypt) for app_port_aes128_cbc_encrypt
    lock_hard.o(i.lock_hard_uart_simulate) refers to lock_dp_report.o(i.lock_open_record_report_offline_pwd) for lock_open_record_report_offline_pwd
    lock_hard.o(i.lock_hard_uart_simulate) refers to lock_hard.o(.constdata) for .constdata
    lock_hard.o(i.lock_hard_uart_simulate) refers to lock_hard.o(.conststring) for .conststring
    lock_hard.o(i.lock_hard_uart_simulate) refers to lock_hard.o(.data) for .data
    lock_hard.o(i.lock_hard_uart_simulate) refers to tuya_ble_main.o(.bss) for tuya_ble_current_para
    lock_hard.o(i.lock_hard_uart_simulate) refers to lock_common.o(i.lock_factory_handler) for lock_factory_handler
    lock_hard.o(i.lock_hard_uart_simulate) refers to lock_timer.o(i.lock_timer_start) for lock_timer_start
    lock_hard.o(i.lock_hard_uart_simulate) refers to app_port.o(i.app_port_dp_data_with_time_report) for app_port_dp_data_with_time_report
[...]
    0x00031348   0x00031348   0x0000000c   Code   RO         2598    i.mbedtls_md5_free  md5.o
    0x00031354   0x00031354   0x00000006   Code   RO         2599    i.mbedtls_md5_init  md5.o
    0x0003135a   0x0003135a   0x00000004   Code   RO         2602    i.mbedtls_md5_starts  md5.o
    0x0003135e   0x0003135e   0x00000002   PAD
    0x00031360   0x00031360   0x00000028   Code   RO         2603    i.mbedtls_md5_starts_ret  md5.o
    0x00031388   0x00031388   0x00000004   Code   RO         2604    i.mbedtls_md5_update  md5.o
    0x0003138c   0x0003138c   0x00000074   Code   RO         2605    i.mbedtls_md5_update_ret  md5.o
    0x00031400   0x00031400   0x00000010   Code   RO         2693    i.mbedtls_platform_zeroize  platform_util.o
    0x00031410   0x00031410   0x0000007e   Code   RO         7498    i.memobj_op         nrf_memobj.o
    0x0003148e   0x0003148e   0x00000002   PAD
    0x00031490   0x00031490   0x00000030   Code   RO         8236    i.module_idx_get    nrf_log_frontend.o
    0x000314c0   0x000314c0   0x00000018   Code   RO        10498    i.next_index        tuya_ble_sdk_nRF52832.lib(tuya_ble_event.o)
    0x000314d8   0x000314d8   0x00000010   Code   RO         7110    i.nrf_atfifo_clear  nrf_atfifo.o
    0x000314e8   0x000314e8   0x00000026   Code   RO         7112    i.nrf_atfifo_init   nrf_atfifo.o
    0x0003150e   0x0003150e   0x00000016   Code   RO         7113    i.nrf_atfifo_item_alloc  nrf_atfifo.o
    0x00031524   0x00031524   0x00000016   Code   RO         7114    i.nrf_atfifo_item_free  nrf_atfifo.o
    0x0003153a   0x0003153a   0x00000016   Code   RO         7115    i.nrf_atfifo_item_get  nrf_atfifo.o
    0x00031550   0x00031550   0x00000016   Code   RO         7116    i.nrf_atfifo_item_put  nrf_atfifo.o
    0x00031566   0x00031566   0x00000016   Code   RO         7181    i.nrf_atflags_clear  nrf_atflags.o
    0x0003157c   0x0003157c   0x00000016   Code   RO         7186    i.nrf_atflags_get   nrf_atflags.o
    0x00031592   0x00031592   0x00000014   Code   RO         7188    i.nrf_atflags_set   nrf_atflags.o
    0x000315a6   0x000315a6   0x00000006   Code   RO         7248    i.nrf_atomic_flag_clear  nrf_atomic.o
    0x000315ac   0x000315ac   0x00000006   Code   RO         7249    i.nrf_atomic_flag_clear_fetch  nrf_atomic.o
    0x000315b2   0x000315b2   0x00000006   Code   RO         7250    i.nrf_atomic_flag_set  nrf_atomic.o
    0x000315b8   0x000315b8   0x00000006   Code   RO         7251    i.nrf_atomic_flag_set_fetch  nrf_atomic.o
    0x000315be   0x000315be   0x0000000c   Code   RO         7252    i.nrf_atomic_u32_add  nrf_atomic.o
    0x000315ca   0x000315ca   0x0000000c   Code   RO         7253    i.nrf_atomic_u32_and  nrf_atomic.o
    0x000315d6   0x000315d6   0x0000000a   Code   RO         7256    i.nrf_atomic_u32_fetch_and  nrf_atomic.o
    0x000315e0   0x000315e0   0x0000000a   Code   RO         7257    i.nrf_atomic_u32_fetch_or  nrf_atomic.o
    0x000315ea   0x000315ea   0x0000000a   Code   RO         7258    i.nrf_atomic_u32_fetch_store  nrf_atomic.o
    0x000315f4   0x000315f4   0x0000000c   Code   RO         7262    i.nrf_atomic_u32_or  nrf_atomic.o
    0x00031600   0x00031600   0x0000000c   Code   RO         7263    i.nrf_atomic_u32_store  nrf_atomic.o
    0x0003160c   0x0003160c   0x0000000c   Code   RO         7264    i.nrf_atomic_u32_sub  nrf_atomic.o
    0x00031618   0x00031618   0x00000048   Code   RO         7383    i.nrf_balloc_alloc  nrf_balloc.o
    0x00031660   0x00031660   0x00000034   Code   RO         7384    i.nrf_balloc_free   nrf_balloc.o
    0x00031694   0x00031694   0x00000030   Code   RO         7385    i.nrf_balloc_init   nrf_balloc.o
    0x000316c4   0x000316c4   0x00000010   Code   RO         5632    i.nrf_bitmask_bit_is_set  nrfx_gpiote.o
    0x000316d4   0x000316d4   0x00000014   Code   RO         5633    i.nrf_bitmask_bit_set  nrfx_gpiote.o
    0x000316e8   0x000316e8   0x00000022   Code   RO         4819    i.nrf_ble_gatt_init  nrf_ble_gatt.o
    0x0003170a   0x0003170a   0x00000002   PAD
    0x0003170c   0x0003170c   0x00000150   Code   RO         4820    i.nrf_ble_gatt_on_ble_evt  nrf_ble_gatt.o
    0x0003185c   0x0003185c   0x0000004c   Code   RO         4957    i.nrf_ble_scan_connect_with_target  nrf_ble_scan.o
    0x000318a8   0x000318a8   0x00000014   Code   RO         4959    i.nrf_ble_scan_default_conn_param_set  nrf_ble_scan.o
    0x000318bc   0x000318bc   0x0000001e   Code   RO         4960    i.nrf_ble_scan_default_param_set  nrf_ble_scan.o
    0x000318da   0x000318da   0x0000006a   Code   RO         4965    i.nrf_ble_scan_init  nrf_ble_scan.o
    0x00031944   0x00031944   0x000000fc   Code   RO         4966    i.nrf_ble_scan_on_adv_report  nrf_ble_scan.o
    0x00031a40   0x00031a40   0x000000ae   Code   RO         4967    i.nrf_ble_scan_on_ble_evt  nrf_ble_scan.o
    0x00031aee   0x00031aee   0x00000028   Code   RO         4968    i.nrf_ble_scan_params_set  nrf_ble_scan.o
    0x00031b16   0x00031b16   0x0000000e   Code   RO         5486    i.nrf_clock_event_check  nrfx_clock.o
    0x00031b24   0x00031b24   0x00000010   Code   RO         5487    i.nrf_clock_event_clear  nrfx_clock.o
    0x00031b34   0x00031b34   0x00000020   Code   RO         3813    i.nrf_delay_ms      nrfs_flash.o
    0x00031b54   0x00031b54   0x00000078   Code   RO         8936    i.nrf_dfu_flash_erase  nrf_dfu_flash.o
    0x00031bcc   0x00031bcc   0x0000001c   Code   RO         8937    i.nrf_dfu_flash_init  nrf_dfu_flash.o
    0x00031be8   0x00031be8   0x00000078   Code   RO         8938    i.nrf_dfu_flash_store  nrf_dfu_flash.o
    0x00031c60   0x00031c60   0x00000198   Code   RO         8994    i.nrf_dfu_settings_init  nrf_dfu_settings.o
    0x00031df8   0x00031df8   0x00000028   Code   RO         8995    i.nrf_dfu_settings_write  nrf_dfu_settings.o
    0x00031e20   0x00031e20   0x00000020   Code   RO         8996    i.nrf_dfu_settings_write_and_backup  nrf_dfu_settings.o
    0x00031e40   0x00031e40   0x00000038   Code   RO         5155    i.nrf_drv_clock_init  nrf_drv_clock.o
    0x00031e78   0x00031e78   0x00000034   Code   RO         5159    i.nrf_drv_clock_lfclk_release  nrf_drv_clock.o
    0x00031eac   0x00031eac   0x00000068   Code   RO         5294    i.nrf_drv_uart_init  nrf_drv_uart.o
    0x00031f14   0x00031f14   0x00000020   Code   RO         6917    i.nrf_drv_uart_rx   app_uart_fifo.o
    0x00031f34   0x00031f34   0x00000020   Code   RO         6918    i.nrf_drv_uart_tx   app_uart_fifo.o
    0x00031f54   0x00031f54   0x0000004a   Code   RO         2016    i.nrf_err_code_convert  tuya_ble_port_nrf52832.o
    0x00031f9e   0x00031f9e   0x0000001a   Code   RO         7422    i.nrf_fprintf       nrf_fprintf.o
    0x00031fb8   0x00031fb8   0x00000018   Code   RO         7423    i.nrf_fprintf_buffer_flush  nrf_fprintf.o
    0x00031fd0   0x00031fd0   0x000001da   Code   RO         7460    i.nrf_fprintf_fmt   nrf_fprintf_format.o
    0x000321aa   0x000321aa   0x00000002   PAD
    0x000321ac   0x000321ac   0x00000138   Code   RO         7807    i.nrf_fstorage_erase  nrf_fstorage.o
    0x000322e4   0x000322e4   0x00000094   Code   RO         7808    i.nrf_fstorage_init  nrf_fstorage.o
    0x00032378   0x00032378   0x00000160   Code   RO         7810    i.nrf_fstorage_read  nrf_fstorage.o
    0x000324d8   0x000324d8   0x00000018   Code   RO         7896    i.nrf_fstorage_sdh_req_handler  nrf_fstorage_sd.o
    0x000324f0   0x000324f0   0x00000020   Code   RO         7897    i.nrf_fstorage_sdh_state_handler  nrf_fstorage_sd.o
    0x00032510   0x00032510   0x000000a0   Code   RO         7898    i.nrf_fstorage_sys_evt_handler  nrf_fstorage_sd.o
    0x000325b0   0x000325b0   0x000001dc   Code   RO         7814    i.nrf_fstorage_write  nrf_fstorage.o
    0x0003278c   0x0003278c   0x00000024   Code   RO         5952    i.nrf_gpio_cfg      nrfx_uart.o
    0x000327b0   0x000327b0   0x00000024   Code   RO         6141    i.nrf_gpio_cfg      nrfx_uarte.o
    0x000327d4   0x000327d4   0x00000012   Code   RO         5954    i.nrf_gpio_cfg_input  nrfx_uart.o
    0x000327e6   0x000327e6   0x00000012   Code   RO         6143    i.nrf_gpio_cfg_input  nrfx_uarte.o
    0x000327f8   0x000327f8   0x00000014   Code   RO         5955    i.nrf_gpio_cfg_output  nrfx_uart.o
    0x0003280c   0x0003280c   0x00000014   Code   RO         6144    i.nrf_gpio_cfg_output  nrfx_uarte.o
    0x00032820   0x00032820   0x00000022   Code   RO         5636    i.nrf_gpio_cfg_sense_set  nrfx_gpiote.o
    0x00032842   0x00032842   0x00000002   PAD
    0x00032844   0x00032844   0x00000028   Code   RO         5637    i.nrf_gpio_ports_read  nrfx_gpiote.o
    0x0003286c   0x0003286c   0x00000014   Code   RO         5638    i.nrf_gpiote_event_clear  nrfx_gpiote.o
    0x00032880   0x00032880   0x00000010   Code   RO         5639    i.nrf_gpiote_event_is_set  nrfx_gpiote.o
    0x00032890   0x00032890   0x0000005c   Code   RO         8237    i.nrf_log_backend_add  nrf_log_frontend.o
    0x000328ec   0x000328ec   0x00000002   Code   RO         8102    i.nrf_log_backend_rtt_flush  nrf_log_backend_rtt.o
    0x000328ee   0x000328ee   0x00000004   Code   RO         8103    i.nrf_log_backend_rtt_init  nrf_log_backend_rtt.o
    0x000328f2   0x000328f2   0x00000002   Code   RO         8104    i.nrf_log_backend_rtt_panic_set  nrf_log_backend_rtt.o
    0x000328f4   0x000328f4   0x00000018   Code   RO         8105    i.nrf_log_backend_rtt_put  nrf_log_backend_rtt.o
    0x0003290c   0x0003290c   0x000000c8   Code   RO         8161    i.nrf_log_backend_serial_put  nrf_log_backend_serial.o
    0x000329d4   0x000329d4   0x00000030   Code   RO         8239    i.nrf_log_color_id_get  nrf_log_frontend.o
    0x00032a04   0x00032a04   0x0000001c   Code   RO         8195    i.nrf_log_default_backends_init  nrf_log_default_backends.o
    0x00032a20   0x00032a20   0x00000238   Code   RO         8240    i.nrf_log_frontend_dequeue  nrf_log_frontend.o
    0x00032c58   0x00032c58   0x00000008   Code   RO         8242    i.nrf_log_frontend_std_0  nrf_log_frontend.o
    0x00032c60   0x00032c60   0x0000000e   Code   RO         8243    i.nrf_log_frontend_std_1  nrf_log_frontend.o
    0x00032c6e   0x00032c6e   0x00000010   Code   RO         8244    i.nrf_log_frontend_std_2  nrf_log_frontend.o
    0x00032c7e   0x00032c7e   0x00000012   Code   RO         8245    i.nrf_log_frontend_std_3  nrf_log_frontend.o
    0x00032c90   0x00032c90   0x000000b0   Code   RO         8418    i.nrf_log_hexdump_entry_process  nrf_log_str_formatter.o
    0x00032d40   0x00032d40   0x0000003c   Code   RO         8249    i.nrf_log_init      nrf_log_frontend.o
    0x00032d7c   0x00032d7c   0x00000014   Code   RO         8250    i.nrf_log_module_cnt_get  nrf_log_frontend.o
    0x00032d90   0x00032d90   0x0000001c   Code   RO         8253    i.nrf_log_module_name_get  nrf_log_frontend.o
    0x00032dac   0x00032dac   0x0000002c   Code   RO         8254    i.nrf_log_panic     nrf_log_frontend.o
    0x00032dd8   0x00032dd8   0x000000b6   Code   RO         8419    i.nrf_log_std_entry_process  nrf_log_str_formatter.o
    0x00032e8e   0x00032e8e   0x00000060   Code   RO         7499    i.nrf_memobj_alloc  nrf_memobj.o
    0x00032eee   0x00032eee   0x00000032   Code   RO         7500    i.nrf_memobj_free   nrf_memobj.o
    0x00032f20   0x00032f20   0x00000008   Code   RO         7501    i.nrf_memobj_get    nrf_memobj.o
    0x00032f28   0x00032f28   0x00000004   Code   RO         7502    i.nrf_memobj_pool_init  nrf_memobj.o
    0x00032f2c   0x00032f2c   0x0000001e   Code   RO         7503    i.nrf_memobj_put    nrf_memobj.o
    0x00032f4a   0x00032f4a   0x00000010   Code   RO         7504    i.nrf_memobj_read   nrf_memobj.o
    0x00032f5a   0x00032f5a   0x00000010   Code   RO         7505    i.nrf_memobj_write  nrf_memobj.o
    0x00032f6a   0x00032f6a   0x00000002   PAD
    0x00032f6c   0x00032f6c   0x00000030   Code   RO         6412    i.nrf_nvmc_page_erase  nrf_nvmc.o
    0x00032f9c   0x00032f9c   0x00000044   Code   RO         6416    i.nrf_nvmc_write_words  nrf_nvmc.o
    0x00032fe0   0x00032fe0   0x00000028   Code   RO         7564    i.nrf_pwr_mgmt_init  nrf_pwr_mgmt.o
    0x00033008   0x00033008   0x00000048   Code   RO         7565    i.nrf_pwr_mgmt_run  nrf_pwr_mgmt.o
    0x00033050   0x00033050   0x0000001c   Code   RO         7641    i.nrf_ringbuf_init  nrf_ringbuf.o
    0x0003306c   0x0003306c   0x0000000c   Code   RO         6296    i.nrf_rtc_event_clear  nrfx_rtc.o
    0x00033078   0x00033078   0x00000014   Code   RO         8846    i.nrf_sdh_ble_app_ram_start_get  nrf_sdh_ble.o
    0x0003308c   0x0003308c   0x00000100   Code   RO         8847    i.nrf_sdh_ble_default_cfg_set  nrf_sdh_ble.o
    0x0003318c   0x0003318c   0x00000130   Code   RO         8848    i.nrf_sdh_ble_enable  nrf_sdh_ble.o
    0x000332bc   0x000332bc   0x0000005c   Code   RO         8849    i.nrf_sdh_ble_evts_poll  nrf_sdh_ble.o
    0x00033318   0x00033318   0x00000050   Code   RO         8727    i.nrf_sdh_disable_request  nrf_sdh.o
    0x00033368   0x00033368   0x00000070   Code   RO         8728    i.nrf_sdh_enable_request  nrf_sdh.o
    0x000333d8   0x000333d8   0x00000024   Code   RO         8729    i.nrf_sdh_evts_poll  nrf_sdh.o
    0x000333fc   0x000333fc   0x0000000c   Code   RO         8730    i.nrf_sdh_is_enabled  nrf_sdh.o
    0x00033408   0x00033408   0x0000001c   Code   RO         8732    i.nrf_sdh_request_continue  nrf_sdh.o
    0x00033424   0x00033424   0x0000003c   Code   RO         8900    i.nrf_sdh_soc_evts_poll  nrf_sdh_soc.o
    0x00033460   0x00033460   0x0000000a   Code   RO         7699    i.nrf_section_iter_init  nrf_section_iter.o
    0x0003346a   0x0003346a   0x00000024   Code   RO         7700    i.nrf_section_iter_item_set  nrf_section_iter.o
    0x0003348e   0x0003348e   0x00000020   Code   RO         7701    i.nrf_section_iter_next  nrf_section_iter.o
    0x000334ae   0x000334ae   0x00000002   PAD
    0x000334b0   0x000334b0   0x00000038   Code   RO         7734    i.nrf_strerror_find  nrf_strerror.o
    0x000334e8   0x000334e8   0x00000014   Code   RO         7735    i.nrf_strerror_get  nrf_strerror.o
    0x000334fc   0x000334fc   0x0000000a   Code   RO         5956    i.nrf_uart_event_check  nrfx_uart.o
    0x00033506   0x00033506   0x0000000c   Code   RO         5957    i.nrf_uart_event_clear  nrfx_uart.o
    0x00033512   0x00033512   0x0000000c   Code   RO         5958    i.nrf_uart_int_enable_check  nrfx_uart.o
    0x0003351e   0x0003351e   0x0000000a   Code   RO         6145    i.nrf_uarte_event_check  nrfx_uarte.o
    0x00033528   0x00033528   0x0000000c   Code   RO         6146    i.nrf_uarte_event_clear  nrfx_uarte.o
    0x00033534   0x00033534   0x00000074   Code   RO         3424    i.nrfs_adv_init     nrfs_scan_adv.o
    0x000335a8   0x000335a8   0x00000074   Code   RO         3425    i.nrfs_adv_param_set  nrfs_scan_adv.o
    0x0003361c   0x0003361c   0x00000094   Code   RO         3426    i.nrfs_adv_start    nrfs_scan_adv.o
    0x000336b0   0x000336b0   0x0000000c   Code   RO         3427    i.nrfs_adv_state_update  nrfs_scan_adv.o
    0x000336bc   0x000336bc   0x00000094   Code   RO         3428    i.nrfs_adv_stop     nrfs_scan_adv.o
    0x00033750   0x00033750   0x00000050   Code   RO         3429    i.nrfs_adv_update_advDataAndScanRsp  nrfs_scan_adv.o
    0x000337a0   0x000337a0   0x000003a4   Code   RO         3519    i.nrfs_ble_evt_handler  nrfs_ble.o
    0x00033b44   0x00033b44   0x00000056   Code   RO         3520    i.nrfs_ble_stack_init  nrfs_ble.o
    0x00033b9a   0x00033b9a   0x00000002   PAD
    0x00033b9c   0x00033b9c   0x00000040   Code   RO         3521    i.nrfs_conn_param_update  nrfs_ble.o
    0x00033bdc   0x00033bdc   0x00000016   Code   RO         3700    i.nrfs_delay_ms     nrfs_timer.o
    0x00033bf2   0x00033bf2   0x00000002   PAD
    0x00033bf4   0x00033bf4   0x00000014   Code   RO         3522    i.nrfs_disconnect   nrfs_ble.o
    0x00033c08   0x00033c08   0x00000010   Code   RO         3358    i.nrfs_enter_critical  nrfs_common.o
    0x00033c18   0x00033c18   0x0000000c   Code   RO         3359    i.nrfs_exit_critical  nrfs_common.o
    0x00033c24   0x00033c24   0x0000014c   Code   RO         3814    i.nrfs_flash_erase  nrfs_flash.o
    0x00033d70   0x00033d70   0x0000003c   Code   RO         3815    i.nrfs_flash_init   nrfs_flash.o
    0x00033dac   0x00033dac   0x00000010   Code   RO         3816    i.nrfs_flash_read   nrfs_flash.o
    0x00033dbc   0x00033dbc   0x000001c0   Code   RO         3817    i.nrfs_flash_write  nrfs_flash.o
    0x00033f7c   0x00033f7c   0x00000064   Code   RO         3523    i.nrfs_gap_params_init  nrfs_ble.o
    0x00033fe0   0x00033fe0   0x00000028   Code   RO         3524    i.nrfs_gatt_init    nrfs_ble.o
    0x00034008   0x00034008   0x00000018   Code   RO         3704    i.nrfs_get_old_timestamp  nrfs_timer.o
    0x00034020   0x00034020   0x00000014   Code   RO         3705    i.nrfs_get_timestamp  nrfs_timer.o
    0x00034034   0x00034034   0x0000008c   Code   RO         3526    i.nrfs_init_bt_mac_addr  nrfs_ble.o
    0x000340c0   0x000340c0   0x00000044   Code   RO         3706    i.nrfs_local_timer_start  nrfs_timer.o
    0x00034104   0x00034104   0x0000000a   Code   RO         3360    i.nrfs_log_hexdump  nrfs_common.o
    0x0003410e   0x0003410e   0x00000002   Code   RO         3361    i.nrfs_log_hexdump_empty  nrfs_common.o
    0x00034110   0x00034110   0x0000003e   Code   RO         3362    i.nrfs_log_init     nrfs_common.o
    0x0003414e   0x0003414e   0x00000002   PAD
    0x00034150   0x00034150   0x00000060   Code   RO         3430    i.nrfs_scan_init    nrfs_scan_adv.o
    0x000341b0   0x000341b0   0x00000088   Code   RO         3527    i.nrfs_set_bt_mac_addr  nrfs_ble.o
    0x00034238   0x00034238   0x00000080   Code   RO         3528    i.nrfs_set_conn_param  nrfs_ble.o
    0x000342b8   0x000342b8   0x00000078   Code   RO         3529    i.nrfs_set_defConn_param  nrfs_ble.o
    0x00034330   0x00034330   0x00000020   Code   RO         3622    i.nrfs_svc_init     nrfs_svc.o
    0x00034350   0x00034350   0x000000dc   Code   RO         3623    i.nrfs_svc_send_data  nrfs_svc.o
    0x0003442c   0x0003442c   0x00000030   Code   RO         3363    i.nrfs_system_reset  nrfs_common.o
    0x0003445c   0x0003445c   0x00000002   Code   RO         3896    i.nrfs_test         nrfs_test.o
    0x0003445e   0x0003445e   0x00000002   PAD
    0x00034460   0x00034460   0x000000f8   Code   RO         3707    i.nrfs_timer_create  nrfs_timer.o
    0x00034558   0x00034558   0x000000e4   Code   RO         3709    i.nrfs_timer_start  nrfs_timer.o
    0x0003463c   0x0003463c   0x00000012   Code   RO         3710    i.nrfs_timer_stop   nrfs_timer.o
    0x0003464e   0x0003464e   0x00000002   PAD
    0x00034650   0x00034650   0x00000048   Code   RO         3663    i.nrfs_uart_init    nrfs_uart.o
    0x00034698   0x00034698   0x00000038   Code   RO         3664    i.nrfs_uart_send    nrfs_uart.o
    0x000346d0   0x000346d0   0x00000010   Code   RO         3711    i.nrfs_update_timestamp  nrfs_timer.o
    0x000346e0   0x000346e0   0x0000002c   Code   RO         5493    i.nrfx_clock_enable  nrfx_clock.o
    0x0003470c   0x0003470c   0x00000020   Code   RO         5496    i.nrfx_clock_init   nrfx_clock.o
    0x0003472c   0x0003472c   0x0000001c   Code   RO         5499    i.nrfx_clock_lfclk_stop  nrfx_clock.o
    0x00034748   0x00034748   0x00000010   Code   RO         3712    i.nrfx_coredep_delay_us  nrfs_timer.o
    0x00034758   0x00034758   0x00000010   Code   RO         6760    i.nrfx_coredep_delay_us  app_timer.o
    0x00034768   0x00034768   0x00000010   Code   RO         6147    i.nrfx_is_in_ram    nrfx_uarte.o
    0x00034778   0x00034778   0x0000003c   Code   RO         5898    i.nrfx_prs_acquire  nrfx_prs.o
    0x000347b4   0x000347b4   0x00000018   Code   RO         6300    i.nrfx_rtc_enable   nrfx_rtc.o
    0x000347cc   0x000347cc   0x00000088   Code   RO         6301    i.nrfx_rtc_init     nrfx_rtc.o
    0x00034854   0x00034854   0x00000024   Code   RO         6306    i.nrfx_rtc_tick_enable  nrfx_rtc.o
    0x00034878   0x00034878   0x00000010   Code   RO         5959    i.nrfx_uart_0_irq_handler  nrfx_uart.o
    0x00034888   0x00034888   0x000000d0   Code   RO         5961    i.nrfx_uart_init    nrfx_uart.o
    0x00034958   0x00034958   0x000000ec   Code   RO         5962    i.nrfx_uart_rx      nrfx_uart.o
    0x00034a44   0x00034a44   0x000000a4   Code   RO         5967    i.nrfx_uart_tx      nrfx_uart.o
    0x00034ae8   0x00034ae8   0x00000020   Code   RO         5969    i.nrfx_uart_tx_in_progress  nrfx_uart.o
    0x00034b08   0x00034b08   0x00000010   Code   RO         6148    i.nrfx_uarte_0_irq_handler  nrfx_uarte.o
    0x00034b18   0x00034b18   0x0000006c   Code   RO         6150    i.nrfx_uarte_init   nrfx_uarte.o
    0x00034b84   0x00034b84   0x00000104   Code   RO         6151    i.nrfx_uarte_rx     nrfx_uarte.o
    0x00034c88   0x00034c88   0x00000090   Code   RO         6154    i.nrfx_uarte_tx     nrfx_uarte.o
    0x00034d18   0x00034d18   0x0000001c   Code   RO         6156    i.nrfx_uarte_tx_in_progress  nrfx_uarte.o
    0x00034d34   0x00034d34   0x00000052   Code   RO         2846    i.num_str_concatenate  fpe_str.o
    0x00034d86   0x00034d86   0x00000002   PAD
    0x00034d88   0x00034d88   0x00000040   Code   RO         2847    i.num_str_copy_of_range  fpe_str.o
    0x00034dc8   0x00034dc8   0x0000001e   Code   RO         2848    i.num_str_to_num    fpe_str.o
    0x00034de6   0x00034de6   0x00000002   PAD
    0x00034de8   0x00034de8   0x0000003e   Code   RO         2849    i.num_to_num_str    fpe_str.o
    0x00034e26   0x00034e26   0x00000010   Code   RO         3624    i.nus_data_handler  nrfs_svc.o
    0x00034e36   0x00034e36   0x0000000a   Code   RO         2918    i.nv_erase          sf_nv.o
    0x00034e40   0x00034e40   0x0000009c   Code   RO         2919    i.nv_read           sf_nv.o
    0x00034edc   0x00034edc   0x000000a4   Code   RO         2920    i.nv_write          sf_nv.o
    0x00034f80   0x00034f80   0x0000006a   Code   RO         5092    i.on_connect        ble_nus.o
    0x00034fea   0x00034fea   0x00000002   PAD
    0x00034fec   0x00034fec   0x000000a8   Code   RO         4821    i.on_connected_evt  nrf_ble_gatt.o
    0x00035094   0x00035094   0x000000ac   Code   RO         4822    i.on_exchange_mtu_request_evt  nrf_ble_gatt.o
    0x00035140   0x00035140   0x00000084   Code   RO         5093    i.on_write          ble_nus.o
    0x000351c4   0x000351c4   0x000003c8   Code   RO          658    i.open_meth_creat_handler  lock_dp_parser.o
    0x0003558c   0x0003558c   0x00000164   Code   RO          659    i.open_meth_delete_handler  lock_dp_parser.o
    0x000356f0   0x000356f0   0x0000001a   Code   RO          660    i.open_meth_freeze_or_unfreeze_handler  lock_dp_parser.o
    0x0003570a   0x0003570a   0x00000002   PAD
    0x0003570c   0x0003570c   0x00000124   Code   RO          661    i.open_meth_modify_handler  lock_dp_parser.o
    0x00035830   0x00035830   0x00000174   Code   RO          662    i.open_meth_sync_handler  lock_dp_parser.o
    0x000359a4   0x000359a4   0x00000078   Code   RO          663    i.open_meth_sync_new_handler  lock_dp_parser.o
    0x00035a1c   0x00035a1c   0x00000158   Code   RO          664    i.open_with_nopwd_remote_handler  lock_dp_parser.o
    0x00035b74   0x00035b74   0x00000084   Code   RO          665    i.open_with_nopwd_remote_setkey_handler  lock_dp_parser.o
    0x00035bf8   0x00035bf8   0x0000003c   Code   RO         8421    i.postfix_process   nrf_log_str_formatter.o
    0x00035c34   0x00035c34   0x00000098   Code   RO         8422    i.prefix_process    nrf_log_str_formatter.o
    0x00035ccc   0x00035ccc   0x00000084   Code   RO         2776    i.prf               fpe_cipher.o
    0x00035d50   0x00035d50   0x00000018   Code   RO         5900    i.prs_box_get       nrfx_prs.o
    0x00035d68   0x00035d68   0x0000007c   Code   RO         9951    i.prvHeapInit       tuya_ble_sdk_nRF52832.lib(tuya_ble_heap.o)
    0x00035de4   0x00035de4   0x00000068   Code   RO         9952    i.prvInsertBlockIntoFreeList  tuya_ble_sdk_nRF52832.lib(tuya_ble_heap.o)
    0x00035e4c   0x00035e4c   0x000000d0   Code   RO         9953    i.pvTuyaPortMalloc  tuya_ble_sdk_nRF52832.lib(tuya_ble_heap.o)
    0x00035f1c   0x00035f1c   0x00000014   Code   RO         7899    i.queue_free        nrf_fstorage_sd.o
    0x00035f30   0x00035f30   0x0000009c   Code   RO         7900    i.queue_process     nrf_fstorage_sd.o
    0x00035fcc   0x00035fcc   0x00000024   Code   RO         7901    i.queue_start       nrf_fstorage_sd.o
    0x00035ff0   0x00035ff0   0x0000000e   Code   RO         7902    i.read              nrf_fstorage_sd.o
    0x00035ffe   0x00035ffe   0x0000000e   Code   RO         8008    i.read              nrf_fstorage_nvmc.o
    0x0003600c   0x0003600c   0x0000000a   Code   RO         2850    i.release_str       fpe_str.o
    0x00036016   0x00036016   0x00000006   Code   RO          862    i.reset_with_disconn2_outtime_cb  lock_timer.o
    0x0003601c   0x0003601c   0x00000004   Code   RO          863    i.reset_with_disconn2_outtime_cb_handler  lock_timer.o
    0x00036020   0x00036020   0x00000006   Code   RO          864    i.reset_with_disconn_outtime_cb  lock_timer.o
    0x00036026   0x00036026   0x00000010   Code   RO          865    i.reset_with_disconn_outtime_cb_handler  lock_timer.o
    0x00036036   0x00036036   0x00000004   Code   RO         7903    i.rmap              nrf_fstorage_sd.o
    0x0003603a   0x0003603a   0x00000004   Code   RO         8009    i.rmap              nrf_fstorage_nvmc.o
    0x0003603e   0x0003603e   0x00000002   PAD
    0x00036040   0x00036040   0x0000003c   Code   RO         6761    i.rtc1_stop         app_timer.o
    0x0003607c   0x0003607c   0x00000024   Code   RO         3713    i.rtc2_handler      nrfs_timer.o
    0x000360a0   0x000360a0   0x00000032   Code   RO         5971    i.rx_byte           nrfx_uart.o
    0x000360d2   0x000360d2   0x00000016   Code   RO         5972    i.rx_done_event     nrfx_uart.o
    0x000360e8   0x000360e8   0x00000016   Code   RO         6158    i.rx_done_event     nrfx_uarte.o
    0x000360fe   0x000360fe   0x00000020   Code   RO         5973    i.rx_enable         nrfx_uart.o
    0x0003611e   0x0003611e   0x00000002   PAD
    0x00036120   0x00036120   0x00000130   Code   RO         3434    i.scan_evt_handler  nrfs_scan_adv.o
    0x00036250   0x00036250   0x0000002c   Code   RO         3066    i.sd_free           sf_mem.o
    0x0003627c   0x0003627c   0x00000050   Code   RO         3067    i.sd_malloc         sf_mem.o
    0x000362cc   0x000362cc   0x00000018   Code   RO         3068    i.sd_mem_init       sf_mem.o
    0x000362e4   0x000362e4   0x00000054   Code   RO         5162    i.sd_state_evt_handler  nrf_drv_clock.o
    0x00036338   0x00036338   0x00000030   Code   RO         8735    i.sdh_request_observer_notify  nrf_sdh.o
    0x00036368   0x00036368   0x0000002c   Code   RO         8736    i.sdh_state_observer_notify  nrf_sdh.o
    0x00036394   0x00036394   0x00000010   Code   RO         4503    i.send_error_evt    ble_conn_params.o
    0x000363a4   0x000363a4   0x00000050   Code   RO         8106    i.serial_tx         nrf_log_backend_rtt.o
    0x000363f4   0x000363f4   0x00000018   Code   RO         9763    i.set_ble_receive_sn  tuya_ble_sdk_nRF52832.lib(tuya_ble_data_handler.o)
    0x0003640c   0x0003640c   0x00000030   Code   RO         4759    i.set_security_req  ble_srv_common.o
    0x0003643c   0x0003643c   0x000000c0   Code   RO         8997    i.settings_backup   nrf_dfu_settings.o
    0x000364fc   0x000364fc   0x0000000a   Code   RO         8998    i.settings_crc_get  nrf_dfu_settings.o
    0x00036506   0x00036506   0x00000002   PAD
    0x00036508   0x00036508   0x000000c0   Code   RO         8999    i.settings_write    nrf_dfu_settings.o
    0x000365c8   0x000365c8   0x0000000c   Code   RO         3000    i.sf_free           sf_port.o
    0x000365d4   0x000365d4   0x00000004   Code   RO         3003    i.sf_malloc         sf_port.o
    0x000365d8   0x000365d8   0x00000004   Code   RO         3004    i.sf_mem_init       sf_port.o
    0x000365dc   0x000365dc   0x00000020   Code   RO         2921    i.sf_next_unit_addr  sf_nv.o
    0x000365fc   0x000365fc   0x000000b0   Code   RO         2922    i.sf_nv_delete      sf_nv.o
    0x000366ac   0x000366ac   0x00000140   Code   RO         2923    i.sf_nv_init        sf_nv.o
    0x000367ec   0x000367ec   0x000000d0   Code   RO         2924    i.sf_nv_read        sf_nv.o
    0x000368bc   0x000368bc   0x000002e0   Code   RO         2926    i.sf_nv_write       sf_nv.o
    0x00036b9c   0x00036b9c   0x0000000c   Code   RO         3005    i.sf_port_flash_erase  sf_port.o
    0x00036ba8   0x00036ba8   0x0000000a   Code   RO         3006    i.sf_port_flash_read  sf_port.o
    0x00036bb2   0x00036bb2   0x0000000c   Code   RO         3007    i.sf_port_flash_write  sf_port.o
    0x00036bbe   0x00036bbe   0x00000002   PAD
    0x00036bc0   0x00036bc0   0x00000018   Code   RO         5163    i.soc_evt_handler   nrf_drv_clock.o
    0x00036bd8   0x00036bd8   0x00000038   Code   RO         8737    i.softdevice_evt_irq_disable  nrf_sdh.o
    0x00036c10   0x00036c10   0x00000058   Code   RO         8738    i.softdevices_evt_irq_enable  nrf_sdh.o
    0x00036c68   0x00036c68   0x0000006e   Code   RO        11025    i.sqrt              m_wm.l(sqrt.o)
    0x00036cd6   0x00036cd6   0x00000002   PAD
    0x00036cd8   0x00036cd8   0x0000008c   Code   RO         8256    i.std_n             nrf_log_frontend.o
    0x00036d64   0x00036d64   0x00000022   Code   RO         1912    i.sys_settings_crc_ok  tuya_ble_storage.o
    0x00036d86   0x00036d86   0x00000002   PAD
    0x00036d88   0x00036d88   0x000000b0   Code   RO          666    i.temp_pw_creat_handler  lock_dp_parser.o
    0x00036e38   0x00036e38   0x000000a4   Code   RO          667    i.temp_pw_delete_handler  lock_dp_parser.o
    0x00036edc   0x00036edc   0x000000a4   Code   RO          668    i.temp_pw_modify_handler  lock_dp_parser.o
    0x00036f80   0x00036f80   0x00000080   Code   RO         6762    i.timer_list_handler  app_timer.o
    0x00037000   0x00037000   0x0000003c   Code   RO         6763    i.timer_list_insert  app_timer.o
    0x0003703c   0x0003703c   0x00000060   Code   RO         6764    i.timer_list_remove  app_timer.o
    0x0003709c   0x0003709c   0x00000048   Code   RO         6765    i.timer_stop_op_schedule  app_timer.o
    0x000370e4   0x000370e4   0x00000074   Code   RO         6766    i.timer_timeouts_check  app_timer.o
    0x00037158   0x00037158   0x00000032   Code   RO         2851    i.to_byte_str       fpe_str.o
    0x0003718a   0x0003718a   0x00000002   PAD
    0x0003718c   0x0003718c   0x00000050   Code   RO         2852    i.to_byte_str_with_bignum  fpe_str.o
    0x000371dc   0x000371dc   0x0000000e   Code   RO        10568    i.trsmitr_init      tuya_ble_sdk_nRF52832.lib(tuya_ble_mutli_tsf_protocol.o)
    0x000371ea   0x000371ea   0x00000148   Code   RO        10569    i.trsmitr_recv_pkg_decode  tuya_ble_sdk_nRF52832.lib(tuya_ble_mutli_tsf_protocol.o)
    0x00037332   0x00037332   0x0000012e   Code   RO        10570    i.trsmitr_send_pkg_encode  tuya_ble_sdk_nRF52832.lib(tuya_ble_mutli_tsf_protocol.o)
    0x00037460   0x00037460   0x00000066   Code   RO        10426    i.tuya_ble_Add_Pkcs  tuya_ble_sdk_nRF52832.lib(tuya_ble_cryption_api.o)
    0x000374c6   0x000374c6   0x00000002   PAD
    0x000374c8   0x000374c8   0x0000013c   Code   RO        10022    i.tuya_ble_adv_change  tuya_ble_sdk_nRF52832.lib(tuya_ble_main.o)
    0x00037604   0x00037604   0x00000048   Code   RO         2017    i.tuya_ble_aes128_cbc_decrypt  tuya_ble_port_nrf52832.o
    0x0003764c   0x0003764c   0x00000048   Code   RO         2018    i.tuya_ble_aes128_cbc_encrypt  tuya_ble_port_nrf52832.o
    0x00037694   0x00037694   0x0000004a   Code   RO         2020    i.tuya_ble_aes128_ecb_encrypt  tuya_ble_port_nrf52832.o
    0x000376de   0x000376de   0x00000004   Code   RO         2021    i.tuya_ble_app_production_test_process  tuya_ble_port_nrf52832.o
    0x000376e2   0x000376e2   0x00000002   PAD
    0x000376e4   0x000376e4   0x0000003c   Code   RO         9203    i.tuya_ble_callback_queue_register  tuya_ble_sdk_nRF52832.lib(tuya_ble_api.o)
    0x00037720   0x00037720   0x0000002c   Code   RO        10023    i.tuya_ble_cb_event_send  tuya_ble_sdk_nRF52832.lib(tuya_ble_main.o)
    0x0003774c   0x0003774c   0x0000022c   Code   RO         9764    i.tuya_ble_commData_send  tuya_ble_sdk_nRF52832.lib(tuya_ble_data_handler.o)
    0x00037978   0x00037978   0x00000178   Code   RO         9765    i.tuya_ble_commonData_rx_proc  tuya_ble_sdk_nRF52832.lib(tuya_ble_data_handler.o)
    0x00037af0   0x00037af0   0x00000002   Code   RO         9204    i.tuya_ble_connect_monitor_timer_init  tuya_ble_sdk_nRF52832.lib(tuya_ble_api.o)
    0x00037af2   0x00037af2   0x00000002   Code   RO         9205    i.tuya_ble_connect_monitor_timer_start  tuya_ble_sdk_nRF52832.lib(tuya_ble_api.o)
    0x00037af4   0x00037af4   0x00000002   Code   RO         9206    i.tuya_ble_connect_monitor_timer_stop  tuya_ble_sdk_nRF52832.lib(tuya_ble_api.o)
    0x00037af6   0x00037af6   0x00000002   PAD
    0x00037af8   0x00037af8   0x0000000c   Code   RO        10024    i.tuya_ble_connect_status_get  tuya_ble_sdk_nRF52832.lib(tuya_ble_main.o)
    0x00037b04   0x00037b04   0x00000018   Code   RO        10025    i.tuya_ble_connect_status_set  tuya_ble_sdk_nRF52832.lib(tuya_ble_main.o)
    0x00037b1c   0x00037b1c   0x0000001a   Code   RO         9207    i.tuya_ble_connected_handler  tuya_ble_sdk_nRF52832.lib(tuya_ble_api.o)
    0x00037b36   0x00037b36   0x00000002   PAD
    0x00037b38   0x00037b38   0x00000040   Code   RO        10246    i.tuya_ble_crc16_compute  tuya_ble_sdk_nRF52832.lib(tuya_ble_utils.o)
    0x00037b78   0x00037b78   0x0000004c   Code   RO        10247    i.tuya_ble_crc32_compute  tuya_ble_sdk_nRF52832.lib(tuya_ble_utils.o)
    0x00037bc4   0x00037bc4   0x00000030   Code   RO        10026    i.tuya_ble_custom_event_send  tuya_ble_sdk_nRF52832.lib(tuya_ble_main.o)
    0x00037bf4   0x00037bf4   0x000000a8   Code   RO        10427    i.tuya_ble_decryption  tuya_ble_sdk_nRF52832.lib(tuya_ble_cryption_api.o)
    0x00037c9c   0x00037c9c   0x00000004   Code   RO         2022    i.tuya_ble_device_delay_ms  tuya_ble_port_nrf52832.o
    0x00037ca0   0x00037ca0   0x00000004   Code   RO         2024    i.tuya_ble_device_enter_critical  tuya_ble_port_nrf52832.o
    0x00037ca4   0x00037ca4   0x00000004   Code   RO         2025    i.tuya_ble_device_exit_critical  tuya_ble_port_nrf52832.o
    0x00037ca8   0x00037ca8   0x0000001c   Code   RO         9209    i.tuya_ble_device_factory_reset  tuya_ble_sdk_nRF52832.lib(tuya_ble_api.o)
    0x00037cc4   0x00037cc4   0x00000074   Code   RO        10428    i.tuya_ble_device_id_encrypt  tuya_ble_sdk_nRF52832.lib(tuya_ble_cryption_api.o)
    0x00037d38   0x00037d38   0x00000048   Code   RO        10429    i.tuya_ble_device_id_key_generate  tuya_ble_sdk_nRF52832.lib(tuya_ble_cryption_api.o)
    0x00037d80   0x00037d80   0x0000000a   Code   RO         2026    i.tuya_ble_device_reset  tuya_ble_port_nrf52832.o
    0x00037d8a   0x00037d8a   0x00000002   PAD
    0x00037d8c   0x00037d8c   0x00000028   Code   RO         9766    i.tuya_ble_device_unbond  tuya_ble_sdk_nRF52832.lib(tuya_ble_data_handler.o)
    0x00037db4   0x00037db4   0x0000001a   Code   RO         9213    i.tuya_ble_disconnected_handler  tuya_ble_sdk_nRF52832.lib(tuya_ble_api.o)
    0x00037dce   0x00037dce   0x00000078   Code   RO         9214    i.tuya_ble_dp_data_report  tuya_ble_sdk_nRF52832.lib(tuya_ble_api.o)
    0x00037e46   0x00037e46   0x00000080   Code   RO         9215    i.tuya_ble_dp_data_with_time_report  tuya_ble_sdk_nRF52832.lib(tuya_ble_api.o)
    0x00037ec6   0x00037ec6   0x00000052   Code   RO        10430    i.tuya_ble_encrypt_old_with_key  tuya_ble_sdk_nRF52832.lib(tuya_ble_cryption_api.o)
    0x00037f18   0x00037f18   0x0000007c   Code   RO        10431    i.tuya_ble_encryption  tuya_ble_sdk_nRF52832.lib(tuya_ble_cryption_api.o)
    0x00037f94   0x00037f94   0x00000020   Code   RO        10027    i.tuya_ble_event_init  tuya_ble_sdk_nRF52832.lib(tuya_ble_main.o)
    0x00037fb4   0x00037fb4   0x00000084   Code   RO        10028    i.tuya_ble_event_process  tuya_ble_sdk_nRF52832.lib(tuya_ble_main.o)
    0x00038038   0x00038038   0x00000018   Code   RO        10499    i.tuya_ble_event_queue_init  tuya_ble_sdk_nRF52832.lib(tuya_ble_event.o)
    0x00038050   0x00038050   0x00000024   Code   RO        10029    i.tuya_ble_event_send  tuya_ble_sdk_nRF52832.lib(tuya_ble_main.o)
    0x00038074   0x00038074   0x000000ee   Code   RO         9767    i.tuya_ble_evt_process  tuya_ble_sdk_nRF52832.lib(tuya_ble_data_handler.o)
    0x00038162   0x00038162   0x00000014   Code   RO        10165    i.tuya_ble_free     tuya_ble_sdk_nRF52832.lib(tuya_ble_mem.o)
    0x00038176   0x00038176   0x00000002   PAD
    0x00038178   0x00038178   0x00000024   Code   RO         2028    i.tuya_ble_gap_advertising_adv_data_update  tuya_ble_port_nrf52832.o
    0x0003819c   0x0003819c   0x00000024   Code   RO         2029    i.tuya_ble_gap_advertising_scan_rsp_data_update  tuya_ble_port_nrf52832.o
    0x000381c0   0x000381c0   0x00000014   Code   RO         2030    i.tuya_ble_gap_disconnect  tuya_ble_port_nrf52832.o
    0x000381d4   0x000381d4   0x0000003e   Code   RO         9216    i.tuya_ble_gatt_receive_data  tuya_ble_sdk_nRF52832.lib(tuya_ble_api.o)
    0x00038212   0x00038212   0x00000020   Code   RO         2031    i.tuya_ble_gatt_send_data  tuya_ble_port_nrf52832.o
    0x00038232   0x00038232   0x00000002   PAD
    0x00038234   0x00038234   0x00000048   Code   RO        10432    i.tuya_ble_generate_key1  tuya_ble_sdk_nRF52832.lib(tuya_ble_cryption_api.o)
    0x0003827c   0x0003827c   0x00000062   Code   RO         9768    i.tuya_ble_handle_anomaly_unbond_req  tuya_ble_sdk_nRF52832.lib(tuya_ble_data_handler.o)
    0x000382de   0x000382de   0x0000001c   Code   RO        10030    i.tuya_ble_handle_ble_cmd_evt  tuya_ble_sdk_nRF52832.lib(tuya_ble_main.o)
    0x000382fa   0x000382fa   0x00000002   PAD
    0x000382fc   0x000382fc   0x000000a8   Code   RO         9769    i.tuya_ble_handle_ble_factory_test_req  tuya_ble_sdk_nRF52832.lib(tuya_ble_data_handler.o)
    0x000383a4   0x000383a4   0x0000004a   Code   RO         9770    i.tuya_ble_handle_ble_passthrough_data_req  tuya_ble_sdk_nRF52832.lib(tuya_ble_data_handler.o)
    0x000383ee   0x000383ee   0x00000002   PAD
    0x000383f0   0x000383f0   0x00000070   Code   RO        10031    i.tuya_ble_handle_connect_change_evt  tuya_ble_sdk_nRF52832.lib(tuya_ble_main.o)
    0x00038460   0x00038460   0x00000040   Code   RO        10032    i.tuya_ble_handle_data_passthrough_evt  tuya_ble_sdk_nRF52832.lib(tuya_ble_main.o)
    0x000384a0   0x000384a0   0x00000120   Code   RO         9771    i.tuya_ble_handle_dev_infor_req  tuya_ble_sdk_nRF52832.lib(tuya_ble_data_handler.o)
    0x000385c0   0x000385c0   0x0000006c   Code   RO        10033    i.tuya_ble_handle_device_info_update_evt  tuya_ble_sdk_nRF52832.lib(tuya_ble_main.o)
    0x0003862c   0x0003862c   0x00000074   Code   RO         9772    i.tuya_ble_handle_device_reset_req  tuya_ble_sdk_nRF52832.lib(tuya_ble_data_handler.o)
    0x000386a0   0x000386a0   0x0000001a   Code   RO         9773    i.tuya_ble_handle_dp_data_report_res  tuya_ble_sdk_nRF52832.lib(tuya_ble_data_handler.o)
    0x000386ba   0x000386ba   0x00000030   Code   RO        10034    i.tuya_ble_handle_dp_data_reported_evt  tuya_ble_sdk_nRF52832.lib(tuya_ble_main.o)
    0x000386ea   0x000386ea   0x0000001a   Code   RO         9774    i.tuya_ble_handle_dp_data_with_time_report_res  tuya_ble_sdk_nRF52832.lib(tuya_ble_data_handler.o)
    0x00038704   0x00038704   0x0000006c   Code   RO        10035    i.tuya_ble_handle_dp_data_with_time_reported_evt  tuya_ble_sdk_nRF52832.lib(tuya_ble_main.o)
    0x00038770   0x00038770   0x00000082   Code   RO         9775    i.tuya_ble_handle_dp_query_req  tuya_ble_sdk_nRF52832.lib(tuya_ble_data_handler.o)
    0x000387f2   0x000387f2   0x00000002   PAD
    0x000387f4   0x000387f4   0x000000e8   Code   RO         9776    i.tuya_ble_handle_dp_write_req  tuya_ble_sdk_nRF52832.lib(tuya_ble_data_handler.o)
    0x000388dc   0x000388dc   0x0000001c   Code   RO        10036    i.tuya_ble_handle_factory_reset_evt  tuya_ble_sdk_nRF52832.lib(tuya_ble_main.o)
    0x000388f8   0x000388f8   0x000000ae   Code   RO         9777    i.tuya_ble_handle_net_config_info_req  tuya_ble_sdk_nRF52832.lib(tuya_ble_data_handler.o)
    0x000389a6   0x000389a6   0x00000032   Code   RO        10037    i.tuya_ble_handle_net_config_response_evt  tuya_ble_sdk_nRF52832.lib(tuya_ble_main.o)
    0x000389d8   0x000389d8   0x0000007c   Code   RO         9778    i.tuya_ble_handle_ota_req  tuya_ble_sdk_nRF52832.lib(tuya_ble_data_handler.o)
    0x00038a54   0x00038a54   0x0000005a   Code   RO        10038    i.tuya_ble_handle_ota_response_evt  tuya_ble_sdk_nRF52832.lib(tuya_ble_main.o)
    0x00038aae   0x00038aae   0x00000002   PAD
    0x00038ab0   0x00038ab0   0x00000100   Code   RO         9779    i.tuya_ble_handle_pair_req  tuya_ble_sdk_nRF52832.lib(tuya_ble_data_handler.o)
    0x00038bb0   0x00038bb0   0x000000c4   Code   RO        10039    i.tuya_ble_handle_uart_cmd_evt  tuya_ble_sdk_nRF52832.lib(tuya_ble_main.o)
    0x00038c74   0x00038c74   0x00000062   Code   RO         9780    i.tuya_ble_handle_unbond_req  tuya_ble_sdk_nRF52832.lib(tuya_ble_data_handler.o)
    0x00038cd6   0x00038cd6   0x00000002   PAD
    0x00038cd8   0x00038cd8   0x0000008c   Code   RO         9781    i.tuya_ble_handle_unix_time_char_ms_resp  tuya_ble_sdk_nRF52832.lib(tuya_ble_data_handler.o)
    0x00038d64   0x00038d64   0x00000054   Code   RO        10253    i.tuya_ble_hextoascii  tuya_ble_sdk_nRF52832.lib(tuya_ble_utils.o)
    0x00038db8   0x00038db8   0x00000070   Code   RO        10040    i.tuya_ble_inter_event_response  tuya_ble_sdk_nRF52832.lib(tuya_ble_main.o)
    0x00038e28   0x00038e28   0x00000010   Code   RO        10254    i.tuya_ble_is_word_aligned_tuya  tuya_ble_sdk_nRF52832.lib(tuya_ble_utils.o)
    0x00038e38   0x00038e38   0x0000018c   Code   RO        10433    i.tuya_ble_key_generate  tuya_ble_sdk_nRF52832.lib(tuya_ble_cryption_api.o)
    0x00038fc4   0x00038fc4   0x00000020   Code   RO         9782    i.tuya_ble_lock_test_rsp  tuya_ble_sdk_nRF52832.lib(tuya_ble_data_handler.o)
    0x00038fe4   0x00038fe4   0x00000008   Code   RO        10041    i.tuya_ble_main_tasks_exec  tuya_ble_sdk_nRF52832.lib(tuya_ble_main.o)
    0x00038fec   0x00038fec   0x0000001a   Code   RO        10167    i.tuya_ble_malloc   tuya_ble_sdk_nRF52832.lib(tuya_ble_mem.o)
    0x00039006   0x00039006   0x00000034   Code   RO         2032    i.tuya_ble_md5_crypt  tuya_ble_port_nrf52832.o
    0x0003903a   0x0003903a   0x00000002   PAD
    0x0003903c   0x0003903c   0x00000014   Code   RO        10500    i.tuya_ble_message_send  tuya_ble_sdk_nRF52832.lib(tuya_ble_event.o)
    0x00039050   0x00039050   0x0000001a   Code   RO         2033    i.tuya_ble_nv_erase  tuya_ble_port_nrf52832.o
    0x0003906a   0x0003906a   0x00000004   Code   RO         2034    i.tuya_ble_nv_init  tuya_ble_port_nrf52832.o
    0x0003906e   0x0003906e   0x0000000e   Code   RO         2035    i.tuya_ble_nv_read  tuya_ble_port_nrf52832.o
    0x0003907c   0x0003907c   0x00000010   Code   RO         2036    i.tuya_ble_nv_write  tuya_ble_port_nrf52832.o
    0x0003908c   0x0003908c   0x00000078   Code   RO         9218    i.tuya_ble_ota_response  tuya_ble_sdk_nRF52832.lib(tuya_ble_api.o)
    0x00039104   0x00039104   0x0000000c   Code   RO         9783    i.tuya_ble_ota_status_get  tuya_ble_sdk_nRF52832.lib(tuya_ble_data_handler.o)
    0x00039110   0x00039110   0x00000024   Code   RO         9785    i.tuya_ble_pair_rand_clear  tuya_ble_sdk_nRF52832.lib(tuya_ble_data_handler.o)
    0x00039134   0x00039134   0x0000000c   Code   RO         9786    i.tuya_ble_pair_rand_valid_get  tuya_ble_sdk_nRF52832.lib(tuya_ble_data_handler.o)
    0x00039140   0x00039140   0x00000034   Code   RO         2037    i.tuya_ble_rand_generator  tuya_ble_port_nrf52832.o
    0x00039174   0x00039174   0x00000020   Code   RO         9787    i.tuya_ble_reset_ble_sn  tuya_ble_sdk_nRF52832.lib(tuya_ble_data_handler.o)
    0x00039194   0x00039194   0x00000080   Code   RO        10501    i.tuya_ble_sched_event_put  tuya_ble_sdk_nRF52832.lib(tuya_ble_event.o)
    0x00039214   0x00039214   0x00000044   Code   RO        10502    i.tuya_ble_sched_init  tuya_ble_sdk_nRF52832.lib(tuya_ble_event.o)
    0x00039258   0x00039258   0x0000011c   Code   RO         9219    i.tuya_ble_sdk_init  tuya_ble_sdk_nRF52832.lib(tuya_ble_api.o)
    0x00039374   0x00039374   0x00000014   Code   RO         9788    i.tuya_ble_set_device_version  tuya_ble_sdk_nRF52832.lib(tuya_ble_data_handler.o)
    0x00039388   0x00039388   0x0000004c   Code   RO         1913    i.tuya_ble_storage_init  tuya_ble_storage.o
    0x000393d4   0x000393d4   0x000000c8   Code   RO         1914    i.tuya_ble_storage_load_settings  tuya_ble_storage.o
    0x0003949c   0x0003949c   0x00000064   Code   RO         1916    i.tuya_ble_storage_save_auth_settings  tuya_ble_storage.o
    0x00039500   0x00039500   0x00000064   Code   RO         1917    i.tuya_ble_storage_save_sys_settings  tuya_ble_storage.o
    0x00039564   0x00039564   0x00000010   Code   RO         2040    i.tuya_ble_timer_create  tuya_ble_port_nrf52832.o
    0x00039574   0x00039574   0x0000000e   Code   RO         2042    i.tuya_ble_timer_start  tuya_ble_port_nrf52832.o
    0x00039582   0x00039582   0x0000000e   Code   RO         2043    i.tuya_ble_timer_stop  tuya_ble_port_nrf52832.o
    0x00039590   0x00039590   0x0000006c   Code   RO        10400    i.tuya_ble_uart_common_process  tuya_ble_sdk_nRF52832.lib(tuya_ble_app_uart_common_handler.o)
    0x000395fc   0x000395fc   0x00000190   Code   RO         9220    i.tuya_ble_uart_data_unpack  tuya_ble_sdk_nRF52832.lib(tuya_ble_api.o)
    0x0003978c   0x0003978c   0x00000004   Code   RO         2044    i.tuya_ble_uart_init  tuya_ble_port_nrf52832.o
    0x00039790   0x00039790   0x000000a0   Code   RO         9221    i.tuya_ble_uart_receive_data  tuya_ble_sdk_nRF52832.lib(tuya_ble_api.o)
    0x00039830   0x00039830   0x0000000e   Code   RO         2045    i.tuya_ble_uart_send_data  tuya_ble_port_nrf52832.o
    0x0003983e   0x0003983e   0x00000002   PAD
    0x00039840   0x00039840   0x000000b4   Code   RO        10198    i.tuya_ble_utc_sec_2_mytime  tuya_ble_sdk_nRF52832.lib(tuya_ble_unix_time.o)
    0x000398f4   0x000398f4   0x00000064   Code   RO        10504    i.tuya_sched_execute  tuya_ble_sdk_nRF52832.lib(tuya_ble_event.o)
    0x00039958   0x00039958   0x00000020   Code   RO         5974    i.tx_byte           nrfx_uart.o
    0x00039978   0x00039978   0x0000001a   Code   RO         5975    i.tx_done_event     nrfx_uart.o
    0x00039992   0x00039992   0x00000032   Code   RO         2326    i.ty_string_op_hex2hexstr  cpt_string_op.o
    0x000399c4   0x000399c4   0x00000098   Code   RO         2327    i.ty_string_op_hex2int  cpt_string_op.o
    0x00039a5c   0x00039a5c   0x00000038   Code   RO         2328    i.ty_string_op_hexstr2hex  cpt_string_op.o
    0x00039a94   0x00039a94   0x0000005c   Code   RO         2330    i.ty_string_op_int2hex  cpt_string_op.o
    0x00039af0   0x00039af0   0x00000036   Code   RO         2331    i.ty_string_op_intstr2int  cpt_string_op.o
    0x00039b26   0x00039b26   0x00000002   PAD
    0x00039b28   0x00039b28   0x00000098   Code   RO         3665    i.uart_event_handle  nrfs_uart.o
    0x00039bc0   0x00039bc0   0x000000a0   Code   RO         6919    i.uart_event_handler  app_uart_fifo.o
    0x00039c60   0x00039c60   0x00000030   Code   RO         5295    i.uart_evt_handler  nrf_drv_uart.o
    0x00039c90   0x00039c90   0x00000128   Code   RO         5976    i.uart_irq_handler  nrfx_uart.o
    0x00039db8   0x00039db8   0x00000030   Code   RO         5296    i.uarte_evt_handler  nrf_drv_uart.o
    0x00039de8   0x00039de8   0x000000f2   Code   RO         6159    i.uarte_irq_handler  nrfx_uarte.o
    0x00039eda   0x00039eda   0x00000002   PAD
    0x00039edc   0x00039edc   0x00000020   Code   RO         7904    i.uninit            nrf_fstorage_sd.o
    0x00039efc   0x00039efc   0x00000010   Code   RO         8010    i.uninit            nrf_fstorage_nvmc.o
    0x00039f0c   0x00039f0c   0x000000b4   Code   RO         7461    i.unsigned_print    nrf_fprintf_format.o
    0x00039fc0   0x00039fc0   0x0000002e   Code   RO         2927    i.update_area_header  sf_nv.o
    0x00039fee   0x00039fee   0x0000001a   Code   RO          669    i.user_freeze_or_unfreeze_handler  lock_dp_parser.o
    0x0003a008   0x0003a008   0x00000030   Code   RO         6767    i.user_op_alloc     app_timer.o
    0x0003a038   0x0003a038   0x00000048   Code   RO         9954    i.vTuyaPortFree     tuya_ble_sdk_nRF52832.lib(tuya_ble_heap.o)
    0x0003a080   0x0003a080   0x000001a8   Code   RO          991    i.verify_dynamic_pwd_token  lock_dynamic_pwd.o
    0x0003a228   0x0003a228   0x00000004   Code   RO         7905    i.wmap              nrf_fstorage_sd.o
    0x0003a22c   0x0003a22c   0x00000004   Code   RO         8011    i.wmap              nrf_fstorage_nvmc.o
    0x0003a230   0x0003a230   0x00000050   Code   RO         7906    i.write             nrf_fstorage_sd.o
    0x0003a280   0x0003a280   0x00000044   Code   RO         8012    i.write             nrf_fstorage_nvmc.o
    0x0003a2c4   0x0003a2c4   0x00000044   Data   RO            9    .constdata          lock_common.o
    0x0003a308   0x0003a308   0x00000018   Data   RO          581    .constdata          lock_hard.o
    0x0003a320   0x0003a320   0x000000ea   Data   RO          671    .constdata          lock_dp_parser.o
    0x0003a40a   0x0003a40a   0x00000018   Data   RO          762    .constdata          lock_dp_report.o
    0x0003a422   0x0003a422   0x00000020   Data   RO          867    .constdata          lock_timer.o
    0x0003a442   0x0003a442   0x0000002a   Data   RO          992    .constdata          lock_dynamic_pwd.o
    0x0003a46c   0x0003a46c   0x00000096   Data   RO         1036    .constdata          lock_offline_pwd.o
    0x0003a502   0x0003a502   0x0000003b   Data   RO         1114    .constdata          lock_test.o
    0x0003a53d   0x0003a53d   0x00000021   Data   RO         1155    .constdata          app_common.o
    0x0003a55e   0x0003a55e   0x0000000e   Data   RO         1236    .constdata          app_flash.o
    0x0003a56c   0x0003a56c   0x00000083   Data   RO         1417    .constdata          app_ota.o
    0x0003a5ef   0x0003a5ef   0x00000061   Data   RO         1499    .constdata          app_active_report.o
    0x0003a650   0x0003a650   0x00000014   Data   RO         1549    .constdata          app_test.o
    0x0003a664   0x0003a664   0x00000049   Data   RO         1656    .constdata          app_port.o
    0x0003a6ad   0x0003a6ad   0x00000032   Data   RO         1922    .constdata          tuya_ble_storage.o
    0x0003a6df   0x0003a6df   0x00000001   PAD
    0x0003a6e0   0x0003a6e0   0x00000004   Data   RO         2266    .constdata          cpt_math.o
    0x0003a6e4   0x0003a6e4   0x00000010   Data   RO         2457    .constdata          sha1.o
    0x0003a6f4   0x0003a6f4   0x00002228   Data   RO         2506    .constdata          aes.o
    0x0003c91c   0x0003c91c   0x00000008   Data   RO         2777    .constdata          fpe_cipher.o
    0x0003c924   0x0003c924   0x00000010   Data   RO         2853    .constdata          fpe_str.o
    0x0003c934   0x0003c934   0x00000033   Data   RO         2929    .constdata          sf_nv.o
    0x0003c967   0x0003c967   0x0000008c   Data   RO         3123    .constdata          elog.o
    0x0003c9f3   0x0003c9f3   0x00000023   Data   RO         3253    .constdata          elog_utils.o
    0x0003ca16   0x0003ca16   0x0000002e   Data   RO         3436    .constdata          nrfs_scan_adv.o
    0x0003ca44   0x0003ca44   0x00000026   Data   RO         3531    .constdata          nrfs_ble.o
    0x0003ca6a   0x0003ca6a   0x00000013   Data   RO         3625    .constdata          nrfs_svc.o
    0x0003ca7d   0x0003ca7d   0x00000003   PAD
    0x0003ca80   0x0003ca80   0x0000002c   Data   RO         3667    .constdata          nrfs_uart.o
    0x0003caac   0x0003caac   0x00000004   PAD
    0x0003cab0   0x0003cab0   0x0000004d   Data   RO         3715    .constdata          nrfs_timer.o
    0x0003cafd   0x0003cafd   0x00000003   PAD
    0x0003cb00   0x0003cb00   0x0000003d   Data   RO         3819    .constdata          nrfs_flash.o
    0x0003cb3d   0x0003cb3d   0x00000018   Data   RO         3927    .constdata          main.o
    0x0003cb55   0x0003cb55   0x00000003   PAD
    0x0003cb58   0x0003cb58   0x00000016   Data   RO         4823    .constdata          nrf_ble_gatt.o
    0x0003cb6e   0x0003cb6e   0x00000002   PAD
    0x0003cb70   0x0003cb70   0x00000010   Data   RO         5094    .constdata          ble_nus.o
    0x0003cb80   0x0003cb80   0x00000004   Data   RO         5668    .constdata          nrfx_gpiote.o
    0x0003cb84   0x0003cb84   0x00000004   Data   RO         5979    .constdata          nrfx_uart.o
    0x0003cb88   0x0003cb88   0x00000004   Data   RO         6162    .constdata          nrfx_uarte.o
    0x0003cb8c   0x0003cb8c   0x00000004   PAD
    0x0003cb90   0x0003cb90   0x00000006   Data   RO         6769    .constdata          app_timer.o
    0x0003cb96   0x0003cb96   0x00000002   PAD
    0x0003cb98   0x0003cb98   0x00000020   Data   RO         6921    .constdata          app_uart_fifo.o
    0x0003cbb8   0x0003cbb8   0x00000010   Data   RO         7462    .constdata          nrf_fprintf_format.o
    0x0003cbc8   0x0003cbc8   0x00000018   Data   RO         7569    .constdata          nrf_pwr_mgmt.o
    0x0003cbe0   0x0003cbe0   0x0000000c   Data   RO         7570    .constdata          nrf_pwr_mgmt.o
    0x0003cbec   0x0003cbec   0x0000013c   Data   RO         7736    .constdata          nrf_strerror.o
    0x0003cd28   0x0003cd28   0x0000005e   Data   RO         7815    .constdata          nrf_fstorage.o
    0x0003cd86   0x0003cd86   0x00000002   PAD
    0x0003cd88   0x0003cd88   0x00000010   Data   RO         7909    .constdata          nrf_fstorage_sd.o
    0x0003cd98   0x0003cd98   0x00000020   Data   RO         7910    .constdata          nrf_fstorage_sd.o
    0x0003cdb8   0x0003cdb8   0x0000000c   Data   RO         8013    .constdata          nrf_fstorage_nvmc.o
    0x0003cdc4   0x0003cdc4   0x00000020   Data   RO         8014    .constdata          nrf_fstorage_nvmc.o
    0x0003cde4   0x0003cde4   0x0000000c   Data   RO         8108    .constdata          nrf_log_backend_rtt.o
    0x0003cdf0   0x0003cdf0   0x00000006   Data   RO         8109    .constdata          nrf_log_backend_rtt.o
    0x0003cdf6   0x0003cdf6   0x00000002   PAD
    0x0003cdf8   0x0003cdf8   0x0000000c   Data   RO         8261    .constdata          nrf_log_frontend.o
    0x0003ce04   0x0003ce04   0x00000010   Data   RO         8739    .constdata          nrf_sdh.o
    0x0003ce14   0x0003ce14   0x00000028   Data   RO         8740    .constdata          nrf_sdh.o
    0x0003ce3c   0x0003ce3c   0x00000010   Data   RO         8741    .constdata          nrf_sdh.o
    0x0003ce4c   0x0003ce4c   0x00000010   Data   RO         8742    .constdata          nrf_sdh.o
    0x0003ce5c   0x0003ce5c   0x00000020   Data   RO         8850    .constdata          nrf_sdh_ble.o
    0x0003ce7c   0x0003ce7c   0x00000010   Data   RO         8851    .constdata          nrf_sdh_ble.o
    0x0003ce8c   0x0003ce8c   0x00000010   Data   RO         8901    .constdata          nrf_sdh_soc.o
    0x0003ce9c   0x0003ce9c   0x0000000c   Data   RO         8902    .constdata          nrf_sdh_soc.o
    0x0003cea8   0x0003cea8   0x0000003a   Data   RO        10043    .constdata          tuya_ble_sdk_nRF52832.lib(tuya_ble_main.o)
    0x0003cee2   0x0003cee2   0x0000000c   Data   RO        10200    .constdata          tuya_ble_sdk_nRF52832.lib(tuya_ble_unix_time.o)
    0x0003ceee   0x0003ceee   0x00000002   PAD
    0x0003cef0   0x0003cef0   0x00000004   Data   RO        10263    .constdata          tuya_ble_sdk_nRF52832.lib(tuya_ble_utils.o)
    0x0003cef4   0x0003cef4   0x00000004   PAD
    0x0003cef8   0x0003cef8   0x00000088   Data   RO        10656    .constdata          m_wm.l(pow.o)
    0x0003cf80   0x0003cf80   0x00000081   Data   RO        10675    .constdata          mc_w.l(ctype_o.o)
    0x0003d001   0x0003d001   0x00000003   PAD
    0x0003d004   0x0003d004   0x00000004   Data   RO        10676    .constdata          mc_w.l(ctype_o.o)
    0x0003d008   0x0003d008   0x00000008   Data   RO        11022    .constdata          m_wm.l(qnan.o)
    0x0003d010   0x0003d010   0x00000046   Data   RO           10    .conststring        lock_common.o
    0x0003d056   0x0003d056   0x00000002   PAD
    0x0003d058   0x0003d058   0x00000044   Data   RO          582    .conststring        lock_hard.o
    0x0003d09c   0x0003d09c   0x0000008d   Data   RO          672    .conststring        lock_dp_parser.o
    0x0003d129   0x0003d129   0x00000003   PAD
    0x0003d12c   0x0003d12c   0x00000049   Data   RO          763    .conststring        lock_dp_report.o
    0x0003d175   0x0003d175   0x00000003   PAD
    0x0003d178   0x0003d178   0x00000045   Data   RO          868    .conststring        lock_timer.o
    0x0003d1bd   0x0003d1bd   0x00000003   PAD
    0x0003d1c0   0x0003d1c0   0x0000004b   Data   RO          993    .conststring        lock_dynamic_pwd.o
    0x0003d20b   0x0003d20b   0x00000001   PAD
    0x0003d20c   0x0003d20c   0x0000004b   Data   RO         1037    .conststring        lock_offline_pwd.o
    0x0003d257   0x0003d257   0x00000001   PAD
    0x0003d258   0x0003d258   0x00000044   Data   RO         1115    .conststring        lock_test.o
    0x0003d29c   0x0003d29c   0x00000047   Data   RO         1156    .conststring        app_common.o
    0x0003d2e3   0x0003d2e3   0x00000001   PAD
    0x0003d2e4   0x0003d2e4   0x00000046   Data   RO         1237    .conststring        app_flash.o
    0x0003d32a   0x0003d32a   0x00000002   PAD
    0x0003d32c   0x0003d32c   0x00000044   Data   RO         1418    .conststring        app_ota.o
    0x0003d370   0x0003d370   0x0000004e   Data   RO         1500    .conststring        app_active_report.o
    0x0003d3be   0x0003d3be   0x00000002   PAD
    0x0003d3c0   0x0003d3c0   0x00000045   Data   RO         1550    .conststring        app_test.o
    0x0003d405   0x0003d405   0x00000003   PAD
    0x0003d408   0x0003d408   0x00000045   Data   RO         1657    .conststring        app_port.o
    0x0003d44d   0x0003d44d   0x00000003   PAD
    0x0003d450   0x0003d450   0x00000043   Data   RO         2930    .conststring        sf_nv.o
    0x0003d493   0x0003d493   0x00000001   PAD
    0x0003d494   0x0003d494   0x0000005d   Data   RO         3124    .conststring        elog.o
    0x0003d4f1   0x0003d4f1   0x00000003   PAD
    0x0003d4f4   0x0003d4f4   0x0000004b   Data   RO         3254    .conststring        elog_utils.o
    0x0003d53f   0x0003d53f   0x00000001   PAD
    0x0003d540   0x0003d540   0x0000004c   Data   RO         3532    .conststring        nrfs_ble.o
    0x0003d58c   0x0003d58c   0x0000005b   Data   RO         3820    .conststring        nrfs_flash.o
    0x0003d5e7   0x0003d5e7   0x00000001   PAD
    0x0003d5e8   0x0003d5e8   0x000000a2   Data   RO         4824    .conststring        nrf_ble_gatt.o
    0x0003d68a   0x0003d68a   0x00000002   PAD
    0x0003d68c   0x0003d68c   0x000003eb   Data   RO         7737    .conststring        nrf_strerror.o
    0x0003da77   0x0003da77   0x00000001   PAD
    0x0003da78   0x0003da78   0x0000004f   Data   RO         7816    .conststring        nrf_fstorage.o
    0x0003dac7   0x0003dac7   0x00000001   PAD
    0x0003dac8   0x0003dac8   0x00000066   Data   RO         8423    .conststring        nrf_log_str_formatter.o
    0x0003db2e   0x0003db2e   0x00000002   PAD
    0x0003db30   0x0003db30   0x00000188   Data   RO         8852    .conststring        nrf_sdh_ble.o
    0x0003dcb8   0x0003dcb8   0x000000bd   Data   RO         9004    .conststring        nrf_dfu_settings.o
    0x0003dd75   0x0003dd75   0x00000003   PAD
    0x0003dd78   0x0003dd78   0x0000000d   Data   RO         4825    .conststrlit        nrf_ble_gatt.o
    0x0003dd85   0x0003dd85   0x00000003   PAD
    0x0003dd88   0x0003dd88   0x00000009   Data   RO         4971    .conststrlit        nrf_ble_scan.o
    0x0003dd91   0x0003dd91   0x00000003   PAD
    0x0003dd94   0x0003dd94   0x00000008   Data   RO         5095    .conststrlit        ble_nus.o
    0x0003dd9c   0x0003dd9c   0x00000006   Data   RO         5169    .conststrlit        nrf_drv_clock.o
    0x0003dda2   0x0003dda2   0x00000002   PAD
    0x0003dda4   0x0003dda4   0x00000006   Data   RO         5503    .conststrlit        nrfx_clock.o
    0x0003ddaa   0x0003ddaa   0x00000002   PAD
    0x0003ddac   0x0003ddac   0x00000007   Data   RO         5672    .conststrlit        nrfx_gpiote.o
    0x0003ddb3   0x0003ddb3   0x00000001   PAD
    0x0003ddb4   0x0003ddb4   0x00000004   Data   RO         5902    .conststrlit        nrfx_prs.o
    0x0003ddb8   0x0003ddb8   0x00000005   Data   RO         5982    .conststrlit        nrfx_uart.o
    0x0003ddbd   0x0003ddbd   0x00000003   PAD
    0x0003ddc0   0x0003ddc0   0x00000006   Data   RO         6165    .conststrlit        nrfx_uarte.o
    0x0003ddc6   0x0003ddc6   0x00000002   PAD
    0x0003ddc8   0x0003ddc8   0x00000004   Data   RO         6311    .conststrlit        nrfx_rtc.o
    0x0003ddcc   0x0003ddcc   0x00000009   Data   RO         7571    .conststrlit        nrf_pwr_mgmt.o
    0x0003ddd5   0x0003ddd5   0x00000003   PAD
    0x0003ddd8   0x0003ddd8   0x0000000d   Data   RO         7817    .conststrlit        nrf_fstorage.o
    0x0003dde5   0x0003dde5   0x00000003   PAD
    0x0003dde8   0x0003dde8   0x00000010   Data   RO         8196    .conststrlit        nrf_log_default_backends.o
    0x0003ddf8   0x0003ddf8   0x00000004   Data   RO         8262    .conststrlit        nrf_log_frontend.o
    0x0003ddfc   0x0003ddfc   0x00000008   Data   RO         8743    .conststrlit        nrf_sdh.o
    0x0003de04   0x0003de04   0x0000000c   Data   RO         8853    .conststrlit        nrf_sdh_ble.o
    0x0003de10   0x0003de10   0x0000000c   Data   RO         8903    .conststrlit        nrf_sdh_soc.o
    0x0003de1c   0x0003de1c   0x0000000e   Data   RO         8939    .conststrlit        nrf_dfu_flash.o
    0x0003de2a   0x0003de2a   0x00000002   PAD
    0x0003de2c   0x0003de2c   0x00000011   Data   RO         9005    .conststrlit        nrf_dfu_settings.o
    0x0003de3d   0x0003de3d   0x00000003   PAD
    0x0003de40   0x0003de40   0x00000020   Data   RO        11091    Region$$Table       anon$$obj.o
    0x0003de60   0x0003de60   0x00000010   Data   RO         8198    log_backends        nrf_log_default_backends.o
    0x0003de70   0x0003de70   0x00000008   Data   RO         4826    log_const_data      nrf_ble_gatt.o
    0x0003de78   0x0003de78   0x00000008   Data   RO         4972    log_const_data      nrf_ble_scan.o
    0x0003de80   0x0003de80   0x00000008   Data   RO         5096    log_const_data      ble_nus.o
    0x0003de88   0x0003de88   0x00000008   Data   RO         5171    log_const_data      nrf_drv_clock.o
    0x0003de90   0x0003de90   0x00000008   Data   RO         5505    log_const_data      nrfx_clock.o
    0x0003de98   0x0003de98   0x00000008   Data   RO         5673    log_const_data      nrfx_gpiote.o
    0x0003dea0   0x0003dea0   0x00000008   Data   RO         5904    log_const_data      nrfx_prs.o
    0x0003dea8   0x0003dea8   0x00000008   Data   RO         5983    log_const_data      nrfx_uart.o
    0x0003deb0   0x0003deb0   0x00000008   Data   RO         6166    log_const_data      nrfx_uarte.o
    0x0003deb8   0x0003deb8   0x00000008   Data   RO         6313    log_const_data      nrfx_rtc.o
    0x0003dec0   0x0003dec0   0x00000008   Data   RO         7573    log_const_data      nrf_pwr_mgmt.o
    0x0003dec8   0x0003dec8   0x00000008   Data   RO         7818    log_const_data      nrf_fstorage.o
    0x0003ded0   0x0003ded0   0x00000008   Data   RO         8266    log_const_data      nrf_log_frontend.o
    0x0003ded8   0x0003ded8   0x00000008   Data   RO         8745    log_const_data      nrf_sdh.o
    0x0003dee0   0x0003dee0   0x00000008   Data   RO         8855    log_const_data      nrf_sdh_ble.o
    0x0003dee8   0x0003dee8   0x00000008   Data   RO         8904    log_const_data      nrf_sdh_soc.o
    0x0003def0   0x0003def0   0x00000008   Data   RO         8942    log_const_data      nrf_dfu_flash.o
    0x0003def8   0x0003def8   0x00000008   Data   RO         9007    log_const_data      nrf_dfu_settings.o
    0x0003df00   0x0003df00   0x00000014   Data   RO         8267    nrf_balloc          nrf_log_frontend.o
    0x0003df14   0x0003df14   0x00000008   Data   RO         4591    sdh_ble_observers0  ble_conn_state.o
    0x0003df1c   0x0003df1c   0x00000008   Data   RO         3438    sdh_ble_observers1  nrfs_scan_adv.o
    0x0003df24   0x0003df24   0x00000008   Data   RO         3534    sdh_ble_observers1  nrfs_ble.o
    0x0003df2c   0x0003df2c   0x00000008   Data   RO         4201    sdh_ble_observers1  bsp_btn_ble.o
    0x0003df34   0x0003df34   0x00000008   Data   RO         4507    sdh_ble_observers1  ble_conn_params.o
    0x0003df3c   0x0003df3c   0x00000008   Data   RO         3629    sdh_ble_observers2  nrfs_svc.o
    0x0003df44   0x0003df44   0x00000008   Data   RO         3535    sdh_ble_observers3  nrfs_ble.o
    0x0003df4c   0x0003df4c   0x00000008   Data   RO         7912    sdh_req_observers0  nrf_fstorage_sd.o
    0x0003df54   0x0003df54   0x00000008   Data   RO         5172    sdh_soc_observers0  nrf_drv_clock.o
    0x0003df5c   0x0003df5c   0x00000008   Data   RO         7913    sdh_soc_observers0  nrf_fstorage_sd.o
    0x0003df64   0x0003df64   0x00000008   Data   RO         8856    sdh_stack_observers0  nrf_sdh_ble.o
    0x0003df6c   0x0003df6c   0x00000008   Data   RO         8905    sdh_stack_observers0  nrf_sdh_soc.o
    0x0003df74   0x0003df74   0x00000008   Data   RO         5173    sdh_state_observers0  nrf_drv_clock.o
    0x0003df7c   0x0003df7c   0x00000008   Data   RO         7914    sdh_state_observers0  nrf_fstorage_sd.o


    Execution Region RW_IRAM1 (Exec base: 0x20002a98, Load base: 0x0003df84, Size: 0x00007830, Max: 0x0000d568, ABSOLUTE, COMPRESSED[0x000000e8])

    Exec Addr    Load Addr    Size         Type   Attr      Idx    E Section Name        Object

    0x20002a98   COMPRESSED   0x00000002   Data   RW          583    .data               lock_hard.o
    0x20002a9a   COMPRESSED   0x00000002   PAD
    0x20002a9c   COMPRESSED   0x00000004   Data   RW          764    .data               lock_dp_report.o
    0x20002aa0   COMPRESSED   0x00000008   Data   RW         1038    .data               lock_offline_pwd.o
    0x20002aa8   COMPRESSED   0x00000004   Data   RW         1116    .data               lock_test.o
    0x20002aac   COMPRESSED   0x0000005c   Data   RW         1157    .data               app_common.o
    0x20002b08   COMPRESSED   0x0000000b   Data   RW         1238    .data               app_flash.o
    0x20002b13   COMPRESSED   0x00000006   Data   RW         1239    .data               app_flash.o
    0x20002b19   COMPRESSED   0x00000003   PAD
    0x20002b1c   COMPRESSED   0x00000010   Data   RW         1419    .data               app_ota.o
    0x20002b2c   COMPRESSED   0x00000002   Data   RW         1501    .data               app_active_report.o
    0x20002b2e   COMPRESSED   0x00000004   Data   RW         1551    .data               app_test.o
    0x20002b32   COMPRESSED   0x00000002   PAD
    0x20002b34   COMPRESSED   0x00000004   Data   RW         2694    .data               platform_util.o
    0x20002b38   COMPRESSED   0x00000014   Data   RW         2931    .data               sf_nv.o
    0x20002b4c   COMPRESSED   0x0000001c   Data   RW         3125    .data               elog.o
    0x20002b68   COMPRESSED   0x00000001   Data   RW         3286    .data               elog_port.o
    0x20002b69   COMPRESSED   0x00000001   Data   RW         3364    .data               nrfs_common.o
    0x20002b6a   COMPRESSED   0x00000002   PAD
    0x20002b6c   COMPRESSED   0x0000006a   Data   RW         3437    .data               nrfs_scan_adv.o
    0x20002bd6   COMPRESSED   0x00000016   Data   RW         3533    .data               nrfs_ble.o
    0x20002bec   COMPRESSED   0x00000008   Data   RW         3626    .data               nrfs_svc.o
    0x20002bf4   COMPRESSED   0x0000001c   Data   RW         3627    .data               nrfs_svc.o
    0x20002c10   COMPRESSED   0x00000004   Data   RW         3628    .data               nrfs_svc.o
    0x20002c14   COMPRESSED   0x00000010   Data   RW         3716    .data               nrfs_timer.o
    0x20002c24   COMPRESSED   0x00000004   Data   RW         3821    .data               nrfs_flash.o
    0x20002c28   COMPRESSED   0x00000008   Data   RW         4200    .data               bsp_btn_ble.o
    0x20002c30   COMPRESSED   0x00000008   Data   RW         4506    .data               ble_conn_params.o
    0x20002c38   COMPRESSED   0x00000001   Data   RW         5170    .data               nrf_drv_clock.o
    0x20002c39   COMPRESSED   0x00000003   PAD
    0x20002c3c   COMPRESSED   0x0000000c   Data   RW         5297    .data               nrf_drv_uart.o
    0x20002c48   COMPRESSED   0x00000008   Data   RW         5504    .data               nrfx_clock.o
    0x20002c50   COMPRESSED   0x0000000c   Data   RW         5903    .data               nrfx_prs.o
    0x20002c5c   COMPRESSED   0x00000008   Data   RW         6312    .data               nrfx_rtc.o
    0x20002c64   COMPRESSED   0x00000018   Data   RW         6770    .data               app_timer.o
    0x20002c7c   COMPRESSED   0x0000001c   Data   RW         6922    .data               app_uart_fifo.o
    0x20002c98   COMPRESSED   0x00000001   Data   RW         7386    .data               nrf_balloc.o
    0x20002c99   COMPRESSED   0x00000003   PAD
    0x20002c9c   COMPRESSED   0x00000008   Data   RW         7572    .data               nrf_pwr_mgmt.o
    0x20002ca4   COMPRESSED   0x00000008   Data   RW         7911    .data               nrf_fstorage_sd.o
    0x20002cac   COMPRESSED   0x00000004   Data   RW         8015    .data               nrf_fstorage_nvmc.o
    0x20002cb0   COMPRESSED   0x00000001   Data   RW         8110    .data               nrf_log_backend_rtt.o
    0x20002cb1   COMPRESSED   0x00000003   PAD
    0x20002cb4   COMPRESSED   0x00000008   Data   RW         8197    .data               nrf_log_default_backends.o
    0x20002cbc   COMPRESSED   0x00000001   Data   RW         8263    .data               nrf_log_frontend.o
    0x20002cbd   COMPRESSED   0x00000008   Data   RW         8264    .data               nrf_log_frontend.o
    0x20002cc5   COMPRESSED   0x00000003   PAD
    0x20002cc8   COMPRESSED   0x00000008   Data   RW         8265    .data               nrf_log_frontend.o
    0x20002cd0   COMPRESSED   0x00000040   Data   RW         8424    .data               nrf_log_str_formatter.o
    0x20002d10   COMPRESSED   0x00000004   Data   RW         8744    .data               nrf_sdh.o
    0x20002d14   COMPRESSED   0x00000001   Data   RW         8854    .data               nrf_sdh_ble.o
    0x20002d15   COMPRESSED   0x00000003   PAD
    0x20002d18   COMPRESSED   0x00000004   Data   RW         8940    .data               nrf_dfu_flash.o
    0x20002d1c   COMPRESSED   0x00000004   Data   RW         9006    .data               nrf_dfu_settings.o
    0x20002d20   COMPRESSED   0x00000004   Data   RW         9169    .data               system_nrf52.o
    0x20002d24   COMPRESSED   0x00000010   Data   RW         9223    .data               tuya_ble_sdk_nRF52832.lib(tuya_ble_api.o)
    0x20002d34   COMPRESSED   0x0000003c   Data   RW         9790    .data               tuya_ble_sdk_nRF52832.lib(tuya_ble_data_handler.o)
    0x20002d70   COMPRESSED   0x0000001c   Data   RW         9959    .data               tuya_ble_sdk_nRF52832.lib(tuya_ble_heap.o)
    0x20002d8c   COMPRESSED   0x00000008   Data   RW        10044    .data               tuya_ble_sdk_nRF52832.lib(tuya_ble_main.o)
    0x20002d94   COMPRESSED   0x0000000e   Data   RW        10506    .data               tuya_ble_sdk_nRF52832.lib(tuya_ble_event.o)
    0x20002da2   COMPRESSED   0x00000001   Data   RW        10571    .data               tuya_ble_sdk_nRF52832.lib(tuya_ble_mutli_tsf_protocol.o)
    0x20002da3   COMPRESSED   0x00000001   PAD
    0x20002da4   COMPRESSED   0x00000004   Data   RW        10703    .data               mc_w.l(rand.o)
    0x20002da8   COMPRESSED   0x00000004   Data   RW        11056    .data               mc_w.l(errno.o)
    0x20002dac   COMPRESSED   0x00000014   Data   RW         3822    fs_data             nrfs_flash.o
    0x20002dc0   COMPRESSED   0x00000014   Data   RW         8941    fs_data             nrf_dfu_flash.o
    0x20002dd4        -       0x00000365   Zero   RW          670    .bss                lock_dp_parser.o
    0x20003139   COMPRESSED   0x00000003   PAD
    0x2000313c        -       0x00000122   Zero   RW          761    .bss                lock_dp_report.o
    0x2000325e   COMPRESSED   0x00000002   PAD
    0x20003260        -       0x00000024   Zero   RW          866    .bss                lock_timer.o
    0x20003284        -       0x00000100   Zero   RW         1113    .bss                lock_test.o
    0x20003384        -       0x000000d0   Zero   RW         1235    .bss                app_flash.o
    0x20003454        -       0x000000f0   Zero   RW         1416    .bss                app_ota.o
    0x20003544        -       0x00000200   Zero   RW         1548    .bss                app_test.o
    0x20003744        -       0x00000168   Zero   RW         1921    .bss                tuya_ble_storage.o
    0x200038ac        -       0x00000212   Zero   RW         2928    .bss                sf_nv.o
    0x20003abe   COMPRESSED   0x00000002   PAD
    0x20003ac0        -       0x00000800   Zero   RW         3069    .bss                sf_mem.o
    0x200042c0        -       0x00000250   Zero   RW         3122    .bss                elog.o
    0x20004510        -       0x00000078   Zero   RW         3435    .bss                nrfs_scan_adv.o
    0x20004588        -       0x00000014   Zero   RW         3530    .bss                nrfs_ble.o
    0x2000459c        -       0x00000400   Zero   RW         3666    .bss                nrfs_uart.o
    0x2000499c        -       0x00000320   Zero   RW         3714    .bss                nrfs_timer.o
    0x20004cbc        -       0x00000128   Zero   RW         3818    .bss                nrfs_flash.o
    0x20004de4        -       0x0000000c   Zero   RW         4096    .bss                bsp.o
    0x20004df0        -       0x00000050   Zero   RW         4505    .bss                ble_conn_params.o
    0x20004e40        -       0x00000078   Zero   RW         4590    .bss                ble_conn_state.o
    0x20004eb8        -       0x00000014   Zero   RW         5164    .bss                nrf_drv_clock.o
    0x20004ecc        -       0x0000005c   Zero   RW         5667    .bss                nrfx_gpiote.o
    0x20004f28        -       0x0000002c   Zero   RW         5977    .bss                nrfx_uart.o
    0x20004f54        -       0x00000024   Zero   RW         6160    .bss                nrfx_uarte.o
    0x20004f78        -       0x0000010c   Zero   RW         6768    .bss                app_timer.o
    0x20005084        -       0x00000020   Zero   RW         6920    .bss                app_uart_fifo.o
    0x200050a4        -       0x0000000c   Zero   RW         7001    .bss                app_util_platform.o
    0x200050b0        -       0x0000000c   Zero   RW         7568    .bss                nrf_pwr_mgmt.o
    0x200050bc        -       0x00000010   Zero   RW         7907    .bss                nrf_fstorage_sd.o
    0x200050cc        -       0x000001f0   Zero   RW         7908    .bss                nrf_fstorage_sd.o
    0x200052bc        -       0x00000040   Zero   RW         8107    .bss                nrf_log_backend_rtt.o
    0x200052fc        -       0x000000c0   Zero   RW         8257    .bss                nrf_log_frontend.o
    0x200053bc        -       0x00000080   Zero   RW         8258    .bss                nrf_log_frontend.o
    0x2000543c        -       0x00000018   Zero   RW         8259    .bss                nrf_log_frontend.o
    0x20005454        -       0x00000424   Zero   RW         8260    .bss                nrf_log_frontend.o
    0x20005878        -       0x00000888   Zero   RW         8500    .bss                segger_rtt.o
    0x20006100        -       0x00000768   Zero   RW         9003    .bss                nrf_dfu_settings.o
    0x20006868        -       0x0000012c   Zero   RW         9222    .bss                tuya_ble_sdk_nRF52832.lib(tuya_ble_api.o)
    0x20006994        -       0x000004b0   Zero   RW         9789    .bss                tuya_ble_sdk_nRF52832.lib(tuya_ble_data_handler.o)
    0x20006e44        -       0x00000800   Zero   RW         9958    .bss                tuya_ble_sdk_nRF52832.lib(tuya_ble_heap.o)
    0x20007644        -       0x00000332   Zero   RW        10042    .bss                tuya_ble_sdk_nRF52832.lib(tuya_ble_main.o)
    0x20007976        -       0x000000e0   Zero   RW        10435    .bss                tuya_ble_sdk_nRF52832.lib(tuya_ble_cryption_api.o)
    0x20007a56   COMPRESSED   0x00000002   PAD
    0x20007a58        -       0x0000086c   Zero   RW        10505    .bss                tuya_ble_sdk_nRF52832.lib(tuya_ble_event.o)
    0x200082c4   COMPRESSED   0x00000004   PAD
    0x200082c8        -       0x00002000   Zero   RW         9157    STACK               arm_startup_nrf52.o



  Load Region LR$$.ARM.__AT_0x0007D000 (Base: 0x0007d000, Size: 0x00000000, Max: 0x00001000, ABSOLUTE)

    Execution Region ER$$.ARM.__AT_0x0007D000 (Exec base: 0x0007d000, Load base: 0x0007d000, Size: 0x00001000, Max: 0x00001000, ABSOLUTE, UNINIT)

    Exec Addr    Load Addr    Size         Type   Attr      Idx    E Section Name        Object

    0x0007d000        -       0x00001000   Zero   RW         9000    .ARM.__AT_0x0007D000  nrf_dfu_settings.o



  Load Region LR$$.ARM.__AT_0x0007E000 (Base: 0x0007e000, Size: 0x00000000, Max: 0x00001000, ABSOLUTE)

    Execution Region ER$$.ARM.__AT_0x0007E000 (Exec base: 0x0007e000, Load base: 0x0007e000, Size: 0x00001000, Max: 0x00001000, ABSOLUTE, UNINIT)

    Exec Addr    Load Addr    Size         Type   Attr      Idx    E Section Name        Object

    0x0007e000        -       0x00001000   Zero   RW         9001    .ARM.__AT_0x0007E000  nrf_dfu_settings.o



  Load Region LR$$.ARM.__AT_0x0007F000 (Base: 0x0007f000, Size: 0x00000000, Max: 0x00001000, ABSOLUTE)

    Execution Region ER$$.ARM.__AT_0x0007F000 (Exec base: 0x0007f000, Load base: 0x0007f000, Size: 0x00001000, Max: 0x00001000, ABSOLUTE, UNINIT)

    Exec Addr    Load Addr    Size         Type   Attr      Idx    E Section Name        Object

    0x0007f000        -       0x00001000   Zero   RW         9002    .ARM.__AT_0x0007F000  nrf_dfu_settings.o


==============================================================================

Image component sizes


      Code (inc. data)   RO Data    RW Data    ZI Data      Debug   Object Name

      2752         36       8744          0          0      20350   aes.o
       568        342        175          2          0       3627   app_active_report.o
       738        248        104         92          0       6207   app_common.o
        22          0          0          0          0       2517   app_error.o
         0          0          0          0          0      26647   app_error_weak.o
       118          0          0          0          0       5230   app_fifo.o
      1360        118         84         17        208      22426   app_flash.o
      2554        860        199         16        240      12791   app_ota.o
       720        188        142          0          0      34070   app_port.o
      1418        398         89          4        512       9887   app_test.o
      1514        128          6         24        268      49395   app_timer.o
       524         60         32         28         32      21654   app_uart_fifo.o
       124         14          0          0         12       9830   app_util_platform.o
        36          8        512          0       8192        960   arm_startup_nrf52.o
       238          0          0          0          0      44351   ble_advdata.o
       428         24          8          8         80       7440   ble_conn_params.o
       376         14          8          0        120       8325   ble_conn_state.o
        72          0          0          0          0       1716   ble_link_ctx_manager.o
       672          6         32          0          0       7176   ble_nus.o
       456          6          0          0          0       3499   ble_srv_common.o
         0          0          0          0          0       5556   boards.o
        68          4          0          0         12       7140   bsp.o
       166          6          8          8          0       3364   bsp_btn_ble.o
       216         10          4          0          0       5209   cpt_math.o
       404         34          0          0          0       6272   cpt_string_op.o
        60          6          0          0          0       1576   crc32.o
      1864        534        233         28        592      17192   elog.o
         0          0          0          0          0       3135   elog_async.o
        94         40          0          1          0      34601   elog_port.o
       212         64        110          0          0       3265   elog_utils.o
       812         28          0          0          0       6184   ff1.o
       132          4          8          0          0       2478   fpe_cipher.o
       116          4          0          0          0       1810   fpe_decrypt.o
       182          0          0          0          0       4844   fpe_math.o
       584         10         16          0          0      11256   fpe_str.o
       170          0          0          0          0       1776   hmac-sha1.o
       354        182        138          0          0     162989   lock_common.o
      4920       1868        375          0        869      24028   lock_dp_parser.o
      1100        112         97          4        290      18405   lock_dp_report.o
       640        212        117          0          0       4534   lock_dynamic_pwd.o
      1788        710         92          2          0      10949   lock_hard.o
      3108        986        225          8          0      12972   lock_offline_pwd.o
       944        400        127          4        256       4424   lock_test.o
       480        124        101          0         36      15279   lock_timer.o
       526        224         24          0          0       2397   main.o
      2446        262          0          0          0      11087   md5.o
       342          0          0          0          0       8974   nrf_atfifo.o
        64          0          0          0          0       3092   nrf_atflags.o
       340          0          0          0          0      11258   nrf_atomic.o
       172         10          0          1          0       4040   nrf_balloc.o
       922        272        205          0          0      36975   nrf_ble_gatt.o
       720          0         17          0          0      10356   nrf_ble_scan.o
       296        148         22         24          0       4591   nrf_dfu_flash.o
       904        402        214          4      14184       9546   nrf_dfu_settings.o
       284         42         30          1         20      38132   nrf_drv_clock.o
       200         26          0         12          0      18188   nrf_drv_uart.o
        50          0          0          0          0       3093   nrf_fprintf.o
       866          4         16          0          0       5670   nrf_fprintf_format.o
      1324        586        194          0          0       8468   nrf_fstorage.o
       260         20         44          4          0       8312   nrf_fstorage_nvmc.o
       794         82         72          8        512      16587   nrf_fstorage_sd.o
       112         18         18          1         64       5873   nrf_log_backend_rtt.o
       200          0          0          0          0      10985   nrf_log_backend_serial.o
        28          4         32          8          0       3433   nrf_log_default_backends.o
      1500        120         44         17       1404      31247   nrf_log_frontend.o
       570        108        102         64          0       5852   nrf_log_str_formatter.o
       346          0          0          0          0       8387   nrf_memobj.o
       116         18          0          0          0       2113   nrf_nvmc.o
       112         22         53          8         12      36602   nrf_pwr_mgmt.o
        28          0          0          0          0       2459   nrf_ringbuf.o
       544         60        104          4          0      42248   nrf_sdh.o
       672        232        468          1          0       6061   nrf_sdh_ble.o
        60          4         56          0          0       2564   nrf_sdh_soc.o
        78          0          0          0          0       2912   nrf_section_iter.o
        76         10       1319          0          0       2871   nrf_strerror.o
      2046        574        130         22         20      11974   nrfs_ble.o
       150         18          0          1          0      31694   nrfs_common.o
      1060        504        152         24        296       8117   nrfs_flash.o
      1020        454         54        106        120       9902   nrfs_scan_adv.o
       268        134         27         40          0       3329   nrfs_svc.o
         2          0          0          0          0        616   nrfs_test.o
       696        266         77         16        800      12039   nrfs_timer.o
       280        112         44          0       1024       3130   nrfs_uart.o
       298         32         14          8          0      44370   nrfx_clock.o
       518         30         19          0         92      20275   nrfx_gpiote.o
        96         22         12         12          0       3917   nrfx_prs.o
       384         20         12          8          0      11659   nrfx_rtc.o
      1358         36         17          0         44      30965   nrfx_uart.o
      1192         38         18          0         36      24875   nrfx_uarte.o
        16          6          0          4          0       1907   platform_util.o
       378         34          0          0       2184       9281   segger_rtt.o
       148         16          0          0       2048       3969   sf_mem.o
      1900        324        118         20        530      13264   sf_nv.o
        54          0          0          0          0       4501   sf_port.o
       814         20         16          0          0       6387   sha1.o
       796         70          0          4          0       3059   system_nrf52.o
       668         34          0          0          0      26065   tuya_ble_port_nrf52832.o
       544         44         50          0        360       9340   tuya_ble_storage.o

    ----------------------------------------------------------------------
     62842      13250      15704        692      35476    1326344   Object Totals
         0          0         32          0          0          0   (incl. Generated)
       100          0         92         24          7          0   (incl. Padding)

    ----------------------------------------------------------------------

      Code (inc. data)   RO Data    RW Data    ZI Data      Debug   Library Member Name

       164         44          0          0          0        620   dunder.o
        24          0          0          0          0        124   fabs.o
        48          0          0          0          0        124   fpclassify.o
       248          0          0          0          0        152   poly.o
      3152        296        136          0          0        352   pow.o
         0          0          8          0          0          0   qnan.o
       110          0          0          0          0        148   sqrt.o
        86          0          0          0          0          0   __dczerorl2.o
       144          0          0          0          0         88   __strtoll.o
        28          0          0          0          0         68   _chval.o
       194          0          0          0          0         96   _strtoull.o
        26          0          0          0          0         80   atoll.o
         8          4        133          0          0         68   ctype_o.o
         0          0          0          0          0          0   entry.o
         0          0          0          0          0          0   entry10a.o
         0          0          0          0          0          0   entry11a.o
         8          4          0          0          0          0   entry2.o
         4          0          0          0          0          0   entry5.o
         0          0          0          0          0          0   entry7b.o
         0          0          0          0          0          0   entry8b.o
         8          4          0          0          0          0   entry9a.o
        20         10          0          4          0        136   errno.o
        30          0          0          0          0          0   handlers.o
        36          8          0          0          0         68   init.o
         0          0          0          0          0          0   iusefp.o
        30          0          0          0          0         68   llshl.o
        36          0          0          0          0         68   llsshr.o
        32          0          0          0          0         68   llushr.o
        26          0          0          0          0         80   memcmp.o
        36          0          0          0          0         68   memcpya.o
        36          0          0          0          0        108   memseta.o
      2390         94          0          0          0        752   printfa.o
        36         10          0          4          0        136   rand.o
        18          0          0          0          0         68   strcpy.o
        14          0          0          0          0         68   strlen.o
        24          0          0          0          0         76   strncpy.o
        36          0          0          0          0         80   strstr.o
        44          0          0          0          0         80   uidiv.o
        98          0          0          0          0         92   uldiv.o
        48          0          0          0          0         68   cdrcmple.o
       334          0          0          0          0        148   dadd.o
       222          0          0          0          0        100   ddiv.o
       186          0          0          0          0        176   depilogue.o
        62          0          0          0          0         80   dfixi.o
        50          0          0          0          0         76   dfixui.o
        48          0          0          0          0         68   dfixul.o
        34          0          0          0          0         76   dflti.o
        26          0          0          0          0         76   dfltui.o
       228          0          0          0          0         96   dmul.o
        46          0          0          0          0         80   dscalb.o
       162          0          0          0          0        100   dsqrt.o
      1420        138          0         16        300      27796   tuya_ble_api.o
       108         10          0          0          0       2027   tuya_ble_app_uart_common_handler.o
      1132         58          0          0        224      10270   tuya_ble_cryption_api.o
      3666        236          0         60       1200      30027   tuya_ble_data_handler.o
       364         72          0         14       2156       6911   tuya_ble_event.o
       508         62          0         28       2048       5015   tuya_ble_heap.o
      1596        136         58          8        818      18023   tuya_ble_main.o
        46          0          0          0          0       2246   tuya_ble_mem.o
      1006          4          0          1          0       9750   tuya_ble_mutli_tsf_protocol.o
       486          8         12          0          0       5540   tuya_ble_unix_time.o
       268         10          4          0          0       5512   tuya_ble_utils.o

    ----------------------------------------------------------------------
     19274       1208        360        136       6752     128197   Library Totals
        34          0          9          1          6          0   (incl. Padding)

    ----------------------------------------------------------------------

      Code (inc. data)   RO Data    RW Data    ZI Data      Debug   Library Name

      3746        340        144          0          0       1520   m_wm.l
      3448        134        133          8          0       2416   mc_w.l
      1446          0          0          0          0       1144   mf_w.l
     10600        734         74        127       6746     123117   tuya_ble_sdk_nRF52832.lib

    ----------------------------------------------------------------------
     19274       1208        360        136       6752     128197   Library Totals

    ----------------------------------------------------------------------

==============================================================================


      Code (inc. data)   RO Data    RW Data    ZI Data      Debug   

     82116      14458      16064        828      42228    1380149   Grand Totals
     82116      14458      16064        232      42228    1380149   ELF Image Totals (compressed)
     82116      14458      16064        232          0          0   ROM Totals

==============================================================================

    Total RO  Size (Code + RO Data)                98180 (  95.88kB)
    Total RW  Size (RW Data + ZI Data)             43056 (  42.05kB)
    Total ROM Size (Code + RO Data + RW Data)      98412 (  96.11kB)

==============================================================================

